GOEXPERIMENT=simd go test -run='^$' -bench='.' -benchmem   ./...
goos: linux
goarch: amd64
pkg: github.com/dnonakolesax/simdscan
cpu: Intel(R) Core(TM) Ultra 7 265K
BenchmarkMatchByteBlock/0/none-20         	441316000	         2.764 ns/op	       0 B/op	       0 allocs/op
BenchmarkMatchByteBlock/0/dense-20        	430409176	         2.775 ns/op	       0 B/op	       0 allocs/op
BenchmarkMatchByteBlock/8/none-20         	100000000	        10.76 ns/op	 743.55 MB/s	       0 B/op	       0 allocs/op
BenchmarkMatchByteBlock/8/dense-20        	100000000	        10.77 ns/op	 742.53 MB/s	       0 B/op	       0 allocs/op
BenchmarkMatchByteBlock/16/none-20        	100000000	        10.81 ns/op	1479.91 MB/s	       0 B/op	       0 allocs/op
BenchmarkMatchByteBlock/16/dense-20       	100000000	        10.72 ns/op	1492.53 MB/s	       0 B/op	       0 allocs/op
BenchmarkMatchByteBlock/32/none-20        	129484294	         9.277 ns/op	3449.44 MB/s	       0 B/op	       0 allocs/op
BenchmarkMatchByteBlock/32/dense-20       	129331912	         9.271 ns/op	3451.44 MB/s	       0 B/op	       0 allocs/op
BenchmarkMatchByteBlock/63/none-20        	69781507	        17.37 ns/op	3627.33 MB/s	       0 B/op	       0 allocs/op
BenchmarkMatchByteBlock/63/dense-20       	71034868	        17.26 ns/op	3649.89 MB/s	       0 B/op	       0 allocs/op
BenchmarkMatchByteBlock/64/none-20        	79600833	        15.03 ns/op	4257.60 MB/s	       0 B/op	       0 allocs/op
BenchmarkMatchByteBlock/64/dense-20       	82029895	        14.89 ns/op	4296.86 MB/s	       0 B/op	       0 allocs/op
BenchmarkMatchAny4Block/0/none-20         	270295644	         4.408 ns/op	       0 B/op	       0 allocs/op
BenchmarkMatchAny4Block/0/dense-20        	270602479	         4.422 ns/op	       0 B/op	       0 allocs/op
BenchmarkMatchAny4Block/8/none-20         	97983691	        12.60 ns/op	 634.96 MB/s	       0 B/op	       0 allocs/op
BenchmarkMatchAny4Block/8/dense-20        	97318596	        12.48 ns/op	 640.92 MB/s	       0 B/op	       0 allocs/op
BenchmarkMatchAny4Block/16/none-20        	98585373	        12.30 ns/op	1300.80 MB/s	       0 B/op	       0 allocs/op
BenchmarkMatchAny4Block/16/dense-20       	86933005	        12.41 ns/op	1289.18 MB/s	       0 B/op	       0 allocs/op
BenchmarkMatchAny4Block/32/none-20        	100000000	        10.95 ns/op	2922.19 MB/s	       0 B/op	       0 allocs/op
BenchmarkMatchAny4Block/32/dense-20       	100000000	        10.89 ns/op	2938.68 MB/s	       0 B/op	       0 allocs/op
BenchmarkMatchAny4Block/63/none-20        	64759016	        18.56 ns/op	3394.19 MB/s	       0 B/op	       0 allocs/op
BenchmarkMatchAny4Block/63/dense-20       	64723186	        18.64 ns/op	3379.34 MB/s	       0 B/op	       0 allocs/op
BenchmarkMatchAny4Block/64/none-20        	66464028	        17.11 ns/op	3739.64 MB/s	       0 B/op	       0 allocs/op
BenchmarkMatchAny4Block/64/dense-20       	68864053	        17.07 ns/op	3748.99 MB/s	       0 B/op	       0 allocs/op
BenchmarkAppendAny4Indexes/64/none/Tree4x4-20         	69227950	        17.32 ns/op	3694.29 MB/s	       0 B/op	       0 allocs/op
BenchmarkAppendAny4Indexes/64/none/Tree4x2x2-20       	68022687	        17.67 ns/op	3621.09 MB/s	       0 B/op	       0 allocs/op
BenchmarkAppendAny4Indexes/64/none/Direct-20          	64939278	        17.44 ns/op	3669.34 MB/s	       0 B/op	       0 allocs/op
BenchmarkAppendAny4Indexes/64/none/RetainedGroup4-20  	68743266	        17.59 ns/op	3638.72 MB/s	       0 B/op	       0 allocs/op
BenchmarkAppendAny4Indexes/64/none/scalar-20          	40000040	        29.87 ns/op	2142.51 MB/s	       0 B/op	       0 allocs/op
BenchmarkAppendAny4Indexes/64/none/bytes-20           	38878777	        30.40 ns/op	2105.43 MB/s	       0 B/op	       0 allocs/op
BenchmarkAppendAny4Indexes/64/1-in-256/Tree4x4-20     	64934334	        18.32 ns/op	3493.24 MB/s	       0 B/op	       0 allocs/op
BenchmarkAppendAny4Indexes/64/1-in-256/Tree4x2x2-20   	63568610	        18.69 ns/op	3423.62 MB/s	       0 B/op	       0 allocs/op
BenchmarkAppendAny4Indexes/64/1-in-256/Direct-20      	64468317	        18.43 ns/op	3472.78 MB/s	       0 B/op	       0 allocs/op
BenchmarkAppendAny4Indexes/64/1-in-256/RetainedGroup4-20         	65099892	        18.62 ns/op	3437.75 MB/s	       0 B/op	       0 allocs/op
BenchmarkAppendAny4Indexes/64/1-in-256/scalar-20                 	39606002	        29.70 ns/op	2155.20 MB/s	       0 B/op	       0 allocs/op
BenchmarkAppendAny4Indexes/64/1-in-256/bytes-20                  	28614415	        42.48 ns/op	1506.67 MB/s	       0 B/op	       0 allocs/op
BenchmarkAppendAny4Indexes/64/1-in-64/Tree4x4-20                 	65548818	        18.54 ns/op	3452.80 MB/s	       0 B/op	       0 allocs/op
BenchmarkAppendAny4Indexes/64/1-in-64/Tree4x2x2-20               	64834441	        18.70 ns/op	3422.54 MB/s	       0 B/op	       0 allocs/op
BenchmarkAppendAny4Indexes/64/1-in-64/Direct-20                  	65269371	        18.51 ns/op	3456.85 MB/s	       0 B/op	       0 allocs/op
BenchmarkAppendAny4Indexes/64/1-in-64/RetainedGroup4-20          	62985949	        18.66 ns/op	3429.75 MB/s	       0 B/op	       0 allocs/op
BenchmarkAppendAny4Indexes/64/1-in-64/scalar-20                  	41068100	        29.70 ns/op	2155.23 MB/s	       0 B/op	       0 allocs/op
BenchmarkAppendAny4Indexes/64/1-in-64/bytes-20                   	28131042	        42.50 ns/op	1505.93 MB/s	       0 B/op	       0 allocs/op
BenchmarkAppendAny4Indexes/64/1-in-32/Tree4x4-20                 	61343659	        19.40 ns/op	3299.47 MB/s	       0 B/op	       0 allocs/op
BenchmarkAppendAny4Indexes/64/1-in-32/Tree4x2x2-20               	61235839	        19.58 ns/op	3269.18 MB/s	       0 B/op	       0 allocs/op
BenchmarkAppendAny4Indexes/64/1-in-32/Direct-20                  	59870812	        19.63 ns/op	3260.11 MB/s	       0 B/op	       0 allocs/op
BenchmarkAppendAny4Indexes/64/1-in-32/RetainedGroup4-20          	61096018	        19.68 ns/op	3251.90 MB/s	       0 B/op	       0 allocs/op
BenchmarkAppendAny4Indexes/64/1-in-32/scalar-20                  	55562456	        22.04 ns/op	2903.70 MB/s	       0 B/op	       0 allocs/op
BenchmarkAppendAny4Indexes/64/1-in-32/bytes-20                   	27860019	        43.47 ns/op	1472.32 MB/s	       0 B/op	       0 allocs/op
BenchmarkAppendAny4Indexes/64/1-in-16/Tree4x4-20                 	59005068	        20.42 ns/op	3133.96 MB/s	       0 B/op	       0 allocs/op
BenchmarkAppendAny4Indexes/64/1-in-16/Tree4x2x2-20               	58171669	        20.90 ns/op	3062.64 MB/s	       0 B/op	       0 allocs/op
BenchmarkAppendAny4Indexes/64/1-in-16/Direct-20                  	56967261	        20.74 ns/op	3085.85 MB/s	       0 B/op	       0 allocs/op
BenchmarkAppendAny4Indexes/64/1-in-16/RetainedGroup4-20          	58551964	        20.61 ns/op	3105.99 MB/s	       0 B/op	       0 allocs/op
BenchmarkAppendAny4Indexes/64/1-in-16/scalar-20                  	53858404	        22.16 ns/op	2887.48 MB/s	       0 B/op	       0 allocs/op
BenchmarkAppendAny4Indexes/64/1-in-16/bytes-20                   	17389314	        67.68 ns/op	 945.66 MB/s	       0 B/op	       0 allocs/op
BenchmarkAppendAny4Indexes/64/1-in-16/Tree4x4#01-20              	56120084	        21.55 ns/op	2969.28 MB/s	       0 B/op	       0 allocs/op
BenchmarkAppendAny4Indexes/64/1-in-16/Tree4x2x2#01-20            	55305471	        21.94 ns/op	2916.52 MB/s	       0 B/op	       0 allocs/op
BenchmarkAppendAny4Indexes/64/1-in-16/Direct#01-20               	54431296	        21.73 ns/op	2945.04 MB/s	       0 B/op	       0 allocs/op
BenchmarkAppendAny4Indexes/64/1-in-16/RetainedGroup4#01-20       	55083009	        21.61 ns/op	2961.44 MB/s	       0 B/op	       0 allocs/op
BenchmarkAppendAny4Indexes/64/1-in-16/scalar#01-20               	53569417	        22.34 ns/op	2865.46 MB/s	       0 B/op	       0 allocs/op
BenchmarkAppendAny4Indexes/64/1-in-16/bytes#01-20                	13826509	        85.76 ns/op	 746.30 MB/s	       0 B/op	       0 allocs/op
BenchmarkAppendAny4Indexes/64/1-in-16/Tree4x4#02-20              	55191752	        21.76 ns/op	2941.11 MB/s	       0 B/op	       0 allocs/op
BenchmarkAppendAny4Indexes/64/1-in-16/Tree4x2x2#02-20            	53843953	        22.43 ns/op	2853.19 MB/s	       0 B/op	       0 allocs/op
BenchmarkAppendAny4Indexes/64/1-in-16/Direct#02-20               	54051350	        22.24 ns/op	2877.13 MB/s	       0 B/op	       0 allocs/op
BenchmarkAppendAny4Indexes/64/1-in-16/RetainedGroup4#02-20       	53818578	        22.29 ns/op	2871.87 MB/s	       0 B/op	       0 allocs/op
BenchmarkAppendAny4Indexes/64/1-in-16/scalar#02-20               	53324947	        22.98 ns/op	2785.45 MB/s	       0 B/op	       0 allocs/op
BenchmarkAppendAny4Indexes/64/1-in-16/bytes#02-20                	12255902	        97.96 ns/op	 653.34 MB/s	       0 B/op	       0 allocs/op
BenchmarkAppendAny4Indexes/64/1-in-8/Tree4x4-20                  	53214744	        22.32 ns/op	2867.52 MB/s	       0 B/op	       0 allocs/op
BenchmarkAppendAny4Indexes/64/1-in-8/Tree4x2x2-20                	52755843	        23.04 ns/op	2777.71 MB/s	       0 B/op	       0 allocs/op
BenchmarkAppendAny4Indexes/64/1-in-8/Direct-20                   	51282550	        22.52 ns/op	2841.79 MB/s	       0 B/op	       0 allocs/op
BenchmarkAppendAny4Indexes/64/1-in-8/RetainedGroup4-20           	52953204	        22.79 ns/op	2808.37 MB/s	       0 B/op	       0 allocs/op
BenchmarkAppendAny4Indexes/64/1-in-8/scalar-20                   	53528892	        22.08 ns/op	2898.41 MB/s	       0 B/op	       0 allocs/op
BenchmarkAppendAny4Indexes/64/1-in-8/bytes-20                    	10236345	       116.8 ns/op	 548.00 MB/s	       0 B/op	       0 allocs/op
BenchmarkAppendAny4Indexes/64/1-in-6/Tree4x4-20                  	49838762	        23.99 ns/op	2668.01 MB/s	       0 B/op	       0 allocs/op
BenchmarkAppendAny4Indexes/64/1-in-6/Tree4x2x2-20                	49022485	        24.61 ns/op	2601.04 MB/s	       0 B/op	       0 allocs/op
BenchmarkAppendAny4Indexes/64/1-in-6/Direct-20                   	49561006	        24.21 ns/op	2643.18 MB/s	       0 B/op	       0 allocs/op
BenchmarkAppendAny4Indexes/64/1-in-6/RetainedGroup4-20           	49479534	        24.18 ns/op	2647.34 MB/s	       0 B/op	       0 allocs/op
BenchmarkAppendAny4Indexes/64/1-in-6/scalar-20                   	54417046	        23.09 ns/op	2771.78 MB/s	       0 B/op	       0 allocs/op
BenchmarkAppendAny4Indexes/64/1-in-6/bytes-20                    	 7841792	       151.4 ns/op	 422.84 MB/s	       0 B/op	       0 allocs/op
BenchmarkAppendAny4Indexes/64/1-in-5/Tree4x4-20                  	48794719	        24.98 ns/op	2562.55 MB/s	       0 B/op	       0 allocs/op
BenchmarkAppendAny4Indexes/64/1-in-5/Tree4x2x2-20                	46330144	        25.48 ns/op	2511.30 MB/s	       0 B/op	       0 allocs/op
BenchmarkAppendAny4Indexes/64/1-in-5/Direct-20                   	45732585	        25.74 ns/op	2486.76 MB/s	       0 B/op	       0 allocs/op
BenchmarkAppendAny4Indexes/64/1-in-5/RetainedGroup4-20           	47557896	        25.29 ns/op	2530.47 MB/s	       0 B/op	       0 allocs/op
BenchmarkAppendAny4Indexes/64/1-in-5/scalar-20                   	38589969	        31.94 ns/op	2003.94 MB/s	       0 B/op	       0 allocs/op
BenchmarkAppendAny4Indexes/64/1-in-5/bytes-20                    	 7064886	       171.6 ns/op	 373.07 MB/s	       0 B/op	       0 allocs/op
BenchmarkAppendAny4Indexes/64/1-in-4/Tree4x4-20                  	45522612	        26.49 ns/op	2415.91 MB/s	       0 B/op	       0 allocs/op
BenchmarkAppendAny4Indexes/64/1-in-4/Tree4x2x2-20                	44540575	        27.16 ns/op	2356.11 MB/s	       0 B/op	       0 allocs/op
BenchmarkAppendAny4Indexes/64/1-in-4/Direct-20                   	44711787	        27.15 ns/op	2357.08 MB/s	       0 B/op	       0 allocs/op
BenchmarkAppendAny4Indexes/64/1-in-4/RetainedGroup4-20           	45147090	        26.97 ns/op	2372.91 MB/s	       0 B/op	       0 allocs/op
BenchmarkAppendAny4Indexes/64/1-in-4/scalar-20                   	34255753	        34.55 ns/op	1852.64 MB/s	       0 B/op	       0 allocs/op
BenchmarkAppendAny4Indexes/64/1-in-4/bytes-20                    	 5667204	       209.5 ns/op	 305.54 MB/s	       0 B/op	       0 allocs/op
BenchmarkAppendAny4Indexes/64/dense/Tree4x4-20                   	23672299	        51.29 ns/op	1247.83 MB/s	       0 B/op	       0 allocs/op
BenchmarkAppendAny4Indexes/64/dense/Tree4x2x2-20                 	22955323	        52.59 ns/op	1216.86 MB/s	       0 B/op	       0 allocs/op
BenchmarkAppendAny4Indexes/64/dense/Direct-20                    	23061723	        51.80 ns/op	1235.46 MB/s	       0 B/op	       0 allocs/op
BenchmarkAppendAny4Indexes/64/dense/RetainedGroup4-20            	23545480	        51.14 ns/op	1251.44 MB/s	       0 B/op	       0 allocs/op
BenchmarkAppendAny4Indexes/64/dense/scalar-20                    	31771117	        38.07 ns/op	1681.32 MB/s	       0 B/op	       0 allocs/op
BenchmarkAppendAny4Indexes/64/dense/bytes-20                     	 1590674	       753.1 ns/op	  84.98 MB/s	       0 B/op	       0 allocs/op
BenchmarkAppendAny4Indexes/1024/none/Tree4x4-20                  	54919317	        22.00 ns/op	46537.29 MB/s	       0 B/op	       0 allocs/op
BenchmarkAppendAny4Indexes/1024/none/Tree4x2x2-20                	51896490	        23.25 ns/op	44036.27 MB/s	       0 B/op	       0 allocs/op
BenchmarkAppendAny4Indexes/1024/none/Direct-20                   	 5699763	       209.3 ns/op	4892.63 MB/s	       0 B/op	       0 allocs/op
BenchmarkAppendAny4Indexes/1024/none/RetainedGroup4-20           	24405783	        48.74 ns/op	21010.72 MB/s	       0 B/op	       0 allocs/op
BenchmarkAppendAny4Indexes/1024/none/scalar-20                   	 3459788	       345.3 ns/op	2965.12 MB/s	       0 B/op	       0 allocs/op
BenchmarkAppendAny4Indexes/1024/none/bytes-20                    	 6561240	       183.1 ns/op	5593.11 MB/s	       0 B/op	       0 allocs/op
BenchmarkAppendAny4Indexes/1024/1-in-256/Tree4x4-20              	 8552413	       140.7 ns/op	7279.18 MB/s	       0 B/op	       0 allocs/op
BenchmarkAppendAny4Indexes/1024/1-in-256/Tree4x2x2-20            	10839523	       107.9 ns/op	9491.07 MB/s	       0 B/op	       0 allocs/op
BenchmarkAppendAny4Indexes/1024/1-in-256/Direct-20               	 5664228	       208.8 ns/op	4904.61 MB/s	       0 B/op	       0 allocs/op
BenchmarkAppendAny4Indexes/1024/1-in-256/RetainedGroup4-20       	 8885236	       135.0 ns/op	7583.87 MB/s	       0 B/op	       0 allocs/op
BenchmarkAppendAny4Indexes/1024/1-in-256/scalar-20               	 3214064	       367.3 ns/op	2787.63 MB/s	       0 B/op	       0 allocs/op
BenchmarkAppendAny4Indexes/1024/1-in-256/bytes-20                	 4597551	       263.5 ns/op	3886.00 MB/s	       0 B/op	       0 allocs/op
BenchmarkAppendAny4Indexes/1024/1-in-64/Tree4x4-20               	 4886712	       246.7 ns/op	4151.54 MB/s	       0 B/op	       0 allocs/op
BenchmarkAppendAny4Indexes/1024/1-in-64/Tree4x2x2-20             	 4596124	       257.8 ns/op	3972.40 MB/s	       0 B/op	       0 allocs/op
BenchmarkAppendAny4Indexes/1024/1-in-64/Direct-20                	 5359144	       223.8 ns/op	4575.50 MB/s	       0 B/op	       0 allocs/op
BenchmarkAppendAny4Indexes/1024/1-in-64/RetainedGroup4-20        	 4967158	       237.3 ns/op	4315.67 MB/s	       0 B/op	       0 allocs/op
BenchmarkAppendAny4Indexes/1024/1-in-64/scalar-20                	 2741594	       437.1 ns/op	2342.51 MB/s	       0 B/op	       0 allocs/op
BenchmarkAppendAny4Indexes/1024/1-in-64/bytes-20                 	 2288942	       523.9 ns/op	1954.68 MB/s	       0 B/op	       0 allocs/op
BenchmarkAppendAny4Indexes/1024/1-in-32/Tree4x4-20               	 4493956	       266.2 ns/op	3846.62 MB/s	       0 B/op	       0 allocs/op
BenchmarkAppendAny4Indexes/1024/1-in-32/Tree4x2x2-20             	 4273323	       281.6 ns/op	3635.96 MB/s	       0 B/op	       0 allocs/op
BenchmarkAppendAny4Indexes/1024/1-in-32/Direct-20                	 4918057	       241.8 ns/op	4234.04 MB/s	       0 B/op	       0 allocs/op
BenchmarkAppendAny4Indexes/1024/1-in-32/RetainedGroup4-20        	 4560483	       264.9 ns/op	3866.08 MB/s	       0 B/op	       0 allocs/op
BenchmarkAppendAny4Indexes/1024/1-in-32/scalar-20                	 3389106	       353.7 ns/op	2895.46 MB/s	       0 B/op	       0 allocs/op
BenchmarkAppendAny4Indexes/1024/1-in-32/bytes-20                 	 2152695	       551.6 ns/op	1856.39 MB/s	       0 B/op	       0 allocs/op
BenchmarkAppendAny4Indexes/1024/1-in-16/Tree4x4-20               	 4185535	       284.6 ns/op	3598.27 MB/s	       0 B/op	       0 allocs/op
BenchmarkAppendAny4Indexes/1024/1-in-16/Tree4x2x2-20             	 4068781	       292.6 ns/op	3499.83 MB/s	       0 B/op	       0 allocs/op
BenchmarkAppendAny4Indexes/1024/1-in-16/Direct-20                	 4685952	       254.2 ns/op	4028.12 MB/s	       0 B/op	       0 allocs/op
BenchmarkAppendAny4Indexes/1024/1-in-16/RetainedGroup4-20        	 4270614	       277.3 ns/op	3692.99 MB/s	       0 B/op	       0 allocs/op
BenchmarkAppendAny4Indexes/1024/1-in-16/scalar-20                	 3417612	       351.9 ns/op	2909.85 MB/s	       0 B/op	       0 allocs/op
BenchmarkAppendAny4Indexes/1024/1-in-16/bytes-20                 	 1393334	       863.8 ns/op	1185.52 MB/s	       0 B/op	       0 allocs/op
BenchmarkAppendAny4Indexes/1024/1-in-16/Tree4x4#01-20            	 4023350	       297.2 ns/op	3445.41 MB/s	       0 B/op	       0 allocs/op
BenchmarkAppendAny4Indexes/1024/1-in-16/Tree4x2x2#01-20          	 3926936	       305.2 ns/op	3354.82 MB/s	       0 B/op	       0 allocs/op
BenchmarkAppendAny4Indexes/1024/1-in-16/Direct#01-20             	 4494274	       271.0 ns/op	3778.26 MB/s	       0 B/op	       0 allocs/op
BenchmarkAppendAny4Indexes/1024/1-in-16/RetainedGroup4#01-20     	 3973048	       294.9 ns/op	3472.04 MB/s	       0 B/op	       0 allocs/op
BenchmarkAppendAny4Indexes/1024/1-in-16/scalar#01-20             	 3464251	       348.7 ns/op	2936.85 MB/s	       0 B/op	       0 allocs/op
BenchmarkAppendAny4Indexes/1024/1-in-16/bytes#01-20              	 1000000	      1131 ns/op	 905.37 MB/s	       0 B/op	       0 allocs/op
BenchmarkAppendAny4Indexes/1024/1-in-16/Tree4x4#02-20            	 3912987	       306.7 ns/op	3338.33 MB/s	       0 B/op	       0 allocs/op
BenchmarkAppendAny4Indexes/1024/1-in-16/Tree4x2x2#02-20          	 3871621	       312.5 ns/op	3277.07 MB/s	       0 B/op	       0 allocs/op
BenchmarkAppendAny4Indexes/1024/1-in-16/Direct#02-20             	 4233562	       281.0 ns/op	3644.58 MB/s	       0 B/op	       0 allocs/op
BenchmarkAppendAny4Indexes/1024/1-in-16/RetainedGroup4#02-20     	 3995062	       301.6 ns/op	3395.16 MB/s	       0 B/op	       0 allocs/op
BenchmarkAppendAny4Indexes/1024/1-in-16/scalar#02-20             	 3260421	       366.4 ns/op	2794.65 MB/s	       0 B/op	       0 allocs/op
BenchmarkAppendAny4Indexes/1024/1-in-16/bytes#02-20              	  879906	      1390 ns/op	 736.45 MB/s	       0 B/op	       0 allocs/op
BenchmarkAppendAny4Indexes/1024/1-in-8/Tree4x4-20                	 3730864	       320.7 ns/op	3193.20 MB/s	       0 B/op	       0 allocs/op
BenchmarkAppendAny4Indexes/1024/1-in-8/Tree4x2x2-20              	 3662137	       329.4 ns/op	3108.67 MB/s	       0 B/op	       0 allocs/op
BenchmarkAppendAny4Indexes/1024/1-in-8/Direct-20                 	 4067329	       294.7 ns/op	3474.69 MB/s	       0 B/op	       0 allocs/op
BenchmarkAppendAny4Indexes/1024/1-in-8/RetainedGroup4-20         	 3746232	       323.4 ns/op	3166.52 MB/s	       0 B/op	       0 allocs/op
BenchmarkAppendAny4Indexes/1024/1-in-8/scalar-20                 	 3311122	       358.5 ns/op	2856.68 MB/s	       0 B/op	       0 allocs/op
BenchmarkAppendAny4Indexes/1024/1-in-8/bytes-20                  	  730064	      1788 ns/op	 572.56 MB/s	       0 B/op	       0 allocs/op
BenchmarkAppendAny4Indexes/1024/1-in-6/Tree4x4-20                	 3420471	       355.8 ns/op	2877.63 MB/s	       0 B/op	       0 allocs/op
BenchmarkAppendAny4Indexes/1024/1-in-6/Tree4x2x2-20              	 3395491	       354.2 ns/op	2890.77 MB/s	       0 B/op	       0 allocs/op
BenchmarkAppendAny4Indexes/1024/1-in-6/Direct-20                 	 3617512	       338.7 ns/op	3023.60 MB/s	       0 B/op	       0 allocs/op
BenchmarkAppendAny4Indexes/1024/1-in-6/RetainedGroup4-20         	 3493942	       346.3 ns/op	2956.68 MB/s	       0 B/op	       0 allocs/op
BenchmarkAppendAny4Indexes/1024/1-in-6/scalar-20                 	 3401361	       354.7 ns/op	2886.73 MB/s	       0 B/op	       0 allocs/op
BenchmarkAppendAny4Indexes/1024/1-in-6/bytes-20                  	  531436	      2244 ns/op	 456.23 MB/s	       0 B/op	       0 allocs/op
BenchmarkAppendAny4Indexes/1024/1-in-5/Tree4x4-20                	 3336792	       360.6 ns/op	2839.67 MB/s	       0 B/op	       0 allocs/op
BenchmarkAppendAny4Indexes/1024/1-in-5/Tree4x2x2-20              	 3249931	       370.8 ns/op	2761.64 MB/s	       0 B/op	       0 allocs/op
BenchmarkAppendAny4Indexes/1024/1-in-5/Direct-20                 	 3570409	       335.8 ns/op	3049.19 MB/s	       0 B/op	       0 allocs/op
BenchmarkAppendAny4Indexes/1024/1-in-5/RetainedGroup4-20         	 3356032	       359.6 ns/op	2847.95 MB/s	       0 B/op	       0 allocs/op
BenchmarkAppendAny4Indexes/1024/1-in-5/scalar-20                 	 2368054	       508.2 ns/op	2014.89 MB/s	       0 B/op	       0 allocs/op
BenchmarkAppendAny4Indexes/1024/1-in-5/bytes-20                  	  441555	      2694 ns/op	 380.13 MB/s	       0 B/op	       0 allocs/op
BenchmarkAppendAny4Indexes/1024/1-in-4/Tree4x4-20                	 3010436	       398.2 ns/op	2571.50 MB/s	       0 B/op	       0 allocs/op
BenchmarkAppendAny4Indexes/1024/1-in-4/Tree4x2x2-20              	 2921287	       409.0 ns/op	2503.94 MB/s	       0 B/op	       0 allocs/op
BenchmarkAppendAny4Indexes/1024/1-in-4/Direct-20                 	 3317352	       361.7 ns/op	2831.11 MB/s	       0 B/op	       0 allocs/op
BenchmarkAppendAny4Indexes/1024/1-in-4/RetainedGroup4-20         	 3019786	       393.5 ns/op	2602.16 MB/s	       0 B/op	       0 allocs/op
BenchmarkAppendAny4Indexes/1024/1-in-4/scalar-20                 	 3404427	       354.6 ns/op	2887.99 MB/s	       0 B/op	       0 allocs/op
BenchmarkAppendAny4Indexes/1024/1-in-4/bytes-20                  	  363954	      3342 ns/op	 306.43 MB/s	       0 B/op	       0 allocs/op
BenchmarkAppendAny4Indexes/1024/dense/Tree4x4-20                 	 1461573	       824.4 ns/op	1242.19 MB/s	       0 B/op	       0 allocs/op
BenchmarkAppendAny4Indexes/1024/dense/Tree4x2x2-20               	 1440745	       833.9 ns/op	1227.92 MB/s	       0 B/op	       0 allocs/op
BenchmarkAppendAny4Indexes/1024/dense/Direct-20                  	 1533781	       780.4 ns/op	1312.22 MB/s	       0 B/op	       0 allocs/op
BenchmarkAppendAny4Indexes/1024/dense/RetainedGroup4-20          	 1480038	       813.9 ns/op	1258.08 MB/s	       0 B/op	       0 allocs/op
BenchmarkAppendAny4Indexes/1024/dense/scalar-20                  	 3532350	       339.9 ns/op	3013.00 MB/s	       0 B/op	       0 allocs/op
BenchmarkAppendAny4Indexes/1024/dense/bytes-20                   	   91099	     13256 ns/op	  77.25 MB/s	       0 B/op	       0 allocs/op
BenchmarkAppendAny4Indexes/65536/none/Tree4x4-20                 	  938203	      1329 ns/op	49328.35 MB/s	       0 B/op	       0 allocs/op
BenchmarkAppendAny4Indexes/65536/none/Tree4x2x2-20               	  865824	      1393 ns/op	47052.71 MB/s	       0 B/op	       0 allocs/op
BenchmarkAppendAny4Indexes/65536/none/Direct-20                  	   93264	     12875 ns/op	5090.14 MB/s	       0 B/op	       0 allocs/op
BenchmarkAppendAny4Indexes/65536/none/RetainedGroup4-20          	  406120	      2942 ns/op	22276.64 MB/s	       0 B/op	       0 allocs/op
BenchmarkAppendAny4Indexes/65536/none/scalar-20                  	   54134	     22191 ns/op	2953.25 MB/s	       0 B/op	       0 allocs/op
BenchmarkAppendAny4Indexes/65536/none/bytes-20                   	  111118	     10904 ns/op	6010.26 MB/s	       0 B/op	       0 allocs/op
BenchmarkAppendAny4Indexes/65536/1-in-256/Tree4x4-20             	  132303	      9101 ns/op	7201.29 MB/s	       0 B/op	       0 allocs/op
BenchmarkAppendAny4Indexes/65536/1-in-256/Tree4x2x2-20           	  173488	      6900 ns/op	9498.10 MB/s	       0 B/op	       0 allocs/op
BenchmarkAppendAny4Indexes/65536/1-in-256/Direct-20              	   84162	     14226 ns/op	4606.77 MB/s	       0 B/op	       0 allocs/op
BenchmarkAppendAny4Indexes/65536/1-in-256/RetainedGroup4-20      	  139971	      8560 ns/op	7655.72 MB/s	       0 B/op	       0 allocs/op
BenchmarkAppendAny4Indexes/65536/1-in-256/scalar-20              	   51004	     23736 ns/op	2761.08 MB/s	       0 B/op	       0 allocs/op
BenchmarkAppendAny4Indexes/65536/1-in-256/bytes-20               	   72536	     16691 ns/op	3926.34 MB/s	       0 B/op	       0 allocs/op
BenchmarkAppendAny4Indexes/65536/1-in-64/Tree4x4-20              	   75592	     15719 ns/op	4169.29 MB/s	       0 B/op	       0 allocs/op
BenchmarkAppendAny4Indexes/65536/1-in-64/Tree4x2x2-20            	   73356	     16435 ns/op	3987.53 MB/s	       0 B/op	       0 allocs/op
BenchmarkAppendAny4Indexes/65536/1-in-64/Direct-20               	   84842	     14152 ns/op	4630.84 MB/s	       0 B/op	       0 allocs/op
BenchmarkAppendAny4Indexes/65536/1-in-64/RetainedGroup4-20       	   79959	     15129 ns/op	4331.95 MB/s	       0 B/op	       0 allocs/op
BenchmarkAppendAny4Indexes/65536/1-in-64/scalar-20               	   41994	     28350 ns/op	2311.71 MB/s	       0 B/op	       0 allocs/op
BenchmarkAppendAny4Indexes/65536/1-in-64/bytes-20                	   35463	     33645 ns/op	1947.87 MB/s	       0 B/op	       0 allocs/op
BenchmarkAppendAny4Indexes/65536/1-in-32/Tree4x4-20              	   70873	     16980 ns/op	3859.49 MB/s	       0 B/op	       0 allocs/op
BenchmarkAppendAny4Indexes/65536/1-in-32/Tree4x2x2-20            	   67984	     17534 ns/op	3737.61 MB/s	       0 B/op	       0 allocs/op
BenchmarkAppendAny4Indexes/65536/1-in-32/Direct-20               	   81009	     15020 ns/op	4363.17 MB/s	       0 B/op	       0 allocs/op
BenchmarkAppendAny4Indexes/65536/1-in-32/RetainedGroup4-20       	   73327	     16730 ns/op	3917.19 MB/s	       0 B/op	       0 allocs/op
BenchmarkAppendAny4Indexes/65536/1-in-32/scalar-20               	   54032	     22145 ns/op	2959.39 MB/s	       0 B/op	       0 allocs/op
BenchmarkAppendAny4Indexes/65536/1-in-32/bytes-20                	   28047	     42286 ns/op	1549.81 MB/s	       0 B/op	       0 allocs/op
BenchmarkAppendAny4Indexes/65536/1-in-16/Tree4x4-20              	   65649	     18381 ns/op	3565.49 MB/s	       0 B/op	       0 allocs/op
BenchmarkAppendAny4Indexes/65536/1-in-16/Tree4x2x2-20            	   64525	     18774 ns/op	3490.75 MB/s	       0 B/op	       0 allocs/op
BenchmarkAppendAny4Indexes/65536/1-in-16/Direct-20               	   73714	     16396 ns/op	3997.10 MB/s	       0 B/op	       0 allocs/op
BenchmarkAppendAny4Indexes/65536/1-in-16/RetainedGroup4-20       	   65463	     17934 ns/op	3654.37 MB/s	       0 B/op	       0 allocs/op
BenchmarkAppendAny4Indexes/65536/1-in-16/scalar-20               	   54294	     22024 ns/op	2975.69 MB/s	       0 B/op	       0 allocs/op
BenchmarkAppendAny4Indexes/65536/1-in-16/bytes-20                	   21937	     55181 ns/op	1187.66 MB/s	       0 B/op	       0 allocs/op
BenchmarkAppendAny4Indexes/65536/1-in-16/Tree4x4#01-20           	   64009	     18854 ns/op	3476.01 MB/s	       0 B/op	       0 allocs/op
BenchmarkAppendAny4Indexes/65536/1-in-16/Tree4x2x2#01-20         	   62428	     19453 ns/op	3369.02 MB/s	       0 B/op	       0 allocs/op
BenchmarkAppendAny4Indexes/65536/1-in-16/Direct#01-20            	   70032	     17002 ns/op	3854.68 MB/s	       0 B/op	       0 allocs/op
BenchmarkAppendAny4Indexes/65536/1-in-16/RetainedGroup4#01-20    	   66446	     18658 ns/op	3512.44 MB/s	       0 B/op	       0 allocs/op
BenchmarkAppendAny4Indexes/65536/1-in-16/scalar#01-20            	   54346	     21935 ns/op	2987.76 MB/s	       0 B/op	       0 allocs/op
BenchmarkAppendAny4Indexes/65536/1-in-16/bytes#01-20             	   16455	     72836 ns/op	 899.78 MB/s	       0 B/op	       0 allocs/op
BenchmarkAppendAny4Indexes/65536/1-in-16/Tree4x4#02-20           	   61657	     19510 ns/op	3359.09 MB/s	       0 B/op	       0 allocs/op
BenchmarkAppendAny4Indexes/65536/1-in-16/Tree4x2x2#02-20         	   60754	     20059 ns/op	3267.11 MB/s	       0 B/op	       0 allocs/op
BenchmarkAppendAny4Indexes/65536/1-in-16/Direct#02-20            	   66669	     18142 ns/op	3612.40 MB/s	       0 B/op	       0 allocs/op
BenchmarkAppendAny4Indexes/65536/1-in-16/RetainedGroup4#02-20    	   61758	     19295 ns/op	3396.57 MB/s	       0 B/op	       0 allocs/op
BenchmarkAppendAny4Indexes/65536/1-in-16/scalar#02-20            	   52686	     22557 ns/op	2905.32 MB/s	       0 B/op	       0 allocs/op
BenchmarkAppendAny4Indexes/65536/1-in-16/bytes#02-20             	   13738	     87438 ns/op	 749.51 MB/s	       0 B/op	       0 allocs/op
BenchmarkAppendAny4Indexes/65536/1-in-8/Tree4x4-20               	   58564	     20376 ns/op	3216.40 MB/s	       0 B/op	       0 allocs/op
BenchmarkAppendAny4Indexes/65536/1-in-8/Tree4x2x2-20             	   56775	     20948 ns/op	3128.51 MB/s	       0 B/op	       0 allocs/op
BenchmarkAppendAny4Indexes/65536/1-in-8/Direct-20                	   64478	     18609 ns/op	3521.76 MB/s	       0 B/op	       0 allocs/op
BenchmarkAppendAny4Indexes/65536/1-in-8/RetainedGroup4-20        	   59145	     20275 ns/op	3232.28 MB/s	       0 B/op	       0 allocs/op
BenchmarkAppendAny4Indexes/65536/1-in-8/scalar-20                	   54756	     22018 ns/op	2976.43 MB/s	       0 B/op	       0 allocs/op
BenchmarkAppendAny4Indexes/65536/1-in-8/bytes-20                 	   10000	    108585 ns/op	 603.54 MB/s	       0 B/op	       0 allocs/op
BenchmarkAppendAny4Indexes/65536/1-in-6/Tree4x4-20               	   54676	     21807 ns/op	3005.25 MB/s	       0 B/op	       0 allocs/op
BenchmarkAppendAny4Indexes/65536/1-in-6/Tree4x2x2-20             	   54190	     22363 ns/op	2930.58 MB/s	       0 B/op	       0 allocs/op
BenchmarkAppendAny4Indexes/65536/1-in-6/Direct-20                	   59083	     20168 ns/op	3249.58 MB/s	       0 B/op	       0 allocs/op
BenchmarkAppendAny4Indexes/65536/1-in-6/RetainedGroup4-20        	   55030	     21685 ns/op	3022.12 MB/s	       0 B/op	       0 allocs/op
BenchmarkAppendAny4Indexes/65536/1-in-6/scalar-20                	   53937	     22472 ns/op	2916.29 MB/s	       0 B/op	       0 allocs/op
BenchmarkAppendAny4Indexes/65536/1-in-6/bytes-20                 	    8142	    144021 ns/op	 455.05 MB/s	       0 B/op	       0 allocs/op
BenchmarkAppendAny4Indexes/65536/1-in-5/Tree4x4-20               	   51984	     23081 ns/op	2839.34 MB/s	       0 B/op	       0 allocs/op
BenchmarkAppendAny4Indexes/65536/1-in-5/Tree4x2x2-20             	   50418	     23687 ns/op	2766.77 MB/s	       0 B/op	       0 allocs/op
BenchmarkAppendAny4Indexes/65536/1-in-5/Direct-20                	   56551	     20963 ns/op	3126.33 MB/s	       0 B/op	       0 allocs/op
BenchmarkAppendAny4Indexes/65536/1-in-5/RetainedGroup4-20        	   52699	     22941 ns/op	2856.72 MB/s	       0 B/op	       0 allocs/op
BenchmarkAppendAny4Indexes/65536/1-in-5/scalar-20                	   36807	     32259 ns/op	2031.55 MB/s	       0 B/op	       0 allocs/op
BenchmarkAppendAny4Indexes/65536/1-in-5/bytes-20                 	    6969	    174058 ns/op	 376.52 MB/s	       0 B/op	       0 allocs/op
BenchmarkAppendAny4Indexes/65536/1-in-4/Tree4x4-20               	   48309	     24848 ns/op	2637.44 MB/s	       0 B/op	       0 allocs/op
BenchmarkAppendAny4Indexes/65536/1-in-4/Tree4x2x2-20             	   46773	     25471 ns/op	2572.98 MB/s	       0 B/op	       0 allocs/op
BenchmarkAppendAny4Indexes/65536/1-in-4/Direct-20                	   51915	     23212 ns/op	2823.39 MB/s	       0 B/op	       0 allocs/op
BenchmarkAppendAny4Indexes/65536/1-in-4/RetainedGroup4-20        	   47677	     24916 ns/op	2630.30 MB/s	       0 B/op	       0 allocs/op
BenchmarkAppendAny4Indexes/65536/1-in-4/scalar-20                	   54742	     21897 ns/op	2992.98 MB/s	       0 B/op	       0 allocs/op
BenchmarkAppendAny4Indexes/65536/1-in-4/bytes-20                 	    5592	    217870 ns/op	 300.80 MB/s	       0 B/op	       0 allocs/op
BenchmarkAppendAny4Indexes/65536/dense/Tree4x4-20                	   22590	     53120 ns/op	1233.73 MB/s	       0 B/op	       0 allocs/op
BenchmarkAppendAny4Indexes/65536/dense/Tree4x2x2-20              	   22819	     52392 ns/op	1250.89 MB/s	       0 B/op	       0 allocs/op
BenchmarkAppendAny4Indexes/65536/dense/Direct-20                 	   23964	     50278 ns/op	1303.48 MB/s	       0 B/op	       0 allocs/op
BenchmarkAppendAny4Indexes/65536/dense/RetainedGroup4-20         	   22820	     52124 ns/op	1257.30 MB/s	       0 B/op	       0 allocs/op
BenchmarkAppendAny4Indexes/65536/dense/scalar-20                 	   58218	     20718 ns/op	3163.22 MB/s	       0 B/op	       0 allocs/op
BenchmarkAppendAny4Indexes/65536/dense/bytes-20                  	    1382	    869402 ns/op	  75.38 MB/s	       0 B/op	       0 allocs/op
BenchmarkAppendAny4Indexes/1048576/none/Tree4x4-20               	   54991	     21753 ns/op	48204.06 MB/s	       0 B/op	       0 allocs/op
BenchmarkAppendAny4Indexes/1048576/none/Tree4x2x2-20             	   52681	     23813 ns/op	44034.69 MB/s	       0 B/op	       0 allocs/op
BenchmarkAppendAny4Indexes/1048576/none/Direct-20                	    5389	    210253 ns/op	4987.20 MB/s	       0 B/op	       0 allocs/op
BenchmarkAppendAny4Indexes/1048576/none/RetainedGroup4-20        	   22324	     53459 ns/op	19614.63 MB/s	       0 B/op	       0 allocs/op
BenchmarkAppendAny4Indexes/1048576/none/scalar-20                	    2906	    368868 ns/op	2842.68 MB/s	       0 B/op	       0 allocs/op
BenchmarkAppendAny4Indexes/1048576/none/bytes-20                 	    6426	    181495 ns/op	5777.43 MB/s	       0 B/op	       0 allocs/op
BenchmarkAppendAny4Indexes/1048576/1-in-256/Tree4x4-20           	    8188	    146842 ns/op	7140.83 MB/s	       0 B/op	       0 allocs/op
BenchmarkAppendAny4Indexes/1048576/1-in-256/Tree4x2x2-20         	   10000	    111646 ns/op	9391.96 MB/s	       0 B/op	       0 allocs/op
BenchmarkAppendAny4Indexes/1048576/1-in-256/Direct-20            	    5011	    239753 ns/op	4373.57 MB/s	       0 B/op	       0 allocs/op
BenchmarkAppendAny4Indexes/1048576/1-in-256/RetainedGroup4-20    	    8700	    138417 ns/op	7575.46 MB/s	       0 B/op	       0 allocs/op
BenchmarkAppendAny4Indexes/1048576/1-in-256/scalar-20            	    2100	    726629 ns/op	1443.07 MB/s	       0 B/op	       0 allocs/op
BenchmarkAppendAny4Indexes/1048576/1-in-256/bytes-20             	    2744	    412743 ns/op	2540.51 MB/s	       0 B/op	       0 allocs/op
BenchmarkAppendAny4Indexes/1048576/1-in-64/Tree4x4-20            	    4010	    274866 ns/op	3814.86 MB/s	       0 B/op	       0 allocs/op
BenchmarkAppendAny4Indexes/1048576/1-in-64/Tree4x2x2-20          	    4730	    377955 ns/op	2774.34 MB/s	       0 B/op	       0 allocs/op
BenchmarkAppendAny4Indexes/1048576/1-in-64/Direct-20             	    2781	    363728 ns/op	2882.86 MB/s	       0 B/op	       0 allocs/op
BenchmarkAppendAny4Indexes/1048576/1-in-64/RetainedGroup4-20     	    5998	    242214 ns/op	4329.13 MB/s	       0 B/op	       0 allocs/op
BenchmarkAppendAny4Indexes/1048576/1-in-64/scalar-20             	    1989	    563411 ns/op	1861.12 MB/s	       0 B/op	       0 allocs/op
BenchmarkAppendAny4Indexes/1048576/1-in-64/bytes-20              	    2223	    543966 ns/op	1927.65 MB/s	       0 B/op	       0 allocs/op
BenchmarkAppendAny4Indexes/1048576/1-in-32/Tree4x4-20            	    4262	    274228 ns/op	3823.73 MB/s	       0 B/op	       0 allocs/op
BenchmarkAppendAny4Indexes/1048576/1-in-32/Tree4x2x2-20          	    4282	    294221 ns/op	3563.90 MB/s	       0 B/op	       0 allocs/op
BenchmarkAppendAny4Indexes/1048576/1-in-32/Direct-20             	    6276	    244244 ns/op	4293.15 MB/s	       0 B/op	       0 allocs/op
BenchmarkAppendAny4Indexes/1048576/1-in-32/RetainedGroup4-20     	    4359	    267076 ns/op	3926.14 MB/s	       0 B/op	       0 allocs/op
BenchmarkAppendAny4Indexes/1048576/1-in-32/scalar-20             	    3367	    356386 ns/op	2942.25 MB/s	       0 B/op	       0 allocs/op
BenchmarkAppendAny4Indexes/1048576/1-in-32/bytes-20              	    1833	    678402 ns/op	1545.66 MB/s	       0 B/op	       0 allocs/op
BenchmarkAppendAny4Indexes/1048576/1-in-16/Tree4x4-20            	    4146	    289603 ns/op	3620.73 MB/s	       0 B/op	       0 allocs/op
BenchmarkAppendAny4Indexes/1048576/1-in-16/Tree4x2x2-20          	    3874	    297961 ns/op	3519.17 MB/s	       0 B/op	       0 allocs/op
BenchmarkAppendAny4Indexes/1048576/1-in-16/Direct-20             	    4800	    261191 ns/op	4014.60 MB/s	       0 B/op	       0 allocs/op
BenchmarkAppendAny4Indexes/1048576/1-in-16/RetainedGroup4-20     	    4138	    286163 ns/op	3664.26 MB/s	       0 B/op	       0 allocs/op
BenchmarkAppendAny4Indexes/1048576/1-in-16/scalar-20             	    3243	    358684 ns/op	2923.40 MB/s	       0 B/op	       0 allocs/op
BenchmarkAppendAny4Indexes/1048576/1-in-16/bytes-20              	    1326	    887383 ns/op	1181.65 MB/s	       0 B/op	       0 allocs/op
BenchmarkAppendAny4Indexes/1048576/1-in-16/Tree4x4#01-20         	    4046	    302350 ns/op	3468.09 MB/s	       0 B/op	       0 allocs/op
BenchmarkAppendAny4Indexes/1048576/1-in-16/Tree4x2x2#01-20       	    3925	    307804 ns/op	3406.63 MB/s	       0 B/op	       0 allocs/op
BenchmarkAppendAny4Indexes/1048576/1-in-16/Direct#01-20          	    4348	    272819 ns/op	3843.48 MB/s	       0 B/op	       0 allocs/op
BenchmarkAppendAny4Indexes/1048576/1-in-16/RetainedGroup4#01-20  	    4064	    295427 ns/op	3549.35 MB/s	       0 B/op	       0 allocs/op
BenchmarkAppendAny4Indexes/1048576/1-in-16/scalar#01-20          	    3519	    355771 ns/op	2947.33 MB/s	       0 B/op	       0 allocs/op
BenchmarkAppendAny4Indexes/1048576/1-in-16/bytes#01-20           	    1011	   1182910 ns/op	 886.44 MB/s	       0 B/op	       0 allocs/op
BenchmarkAppendAny4Indexes/1048576/1-in-16/Tree4x4#02-20         	    3782	    312673 ns/op	3353.58 MB/s	       0 B/op	       0 allocs/op
BenchmarkAppendAny4Indexes/1048576/1-in-16/Tree4x2x2#02-20       	    3782	    320714 ns/op	3269.50 MB/s	       0 B/op	       0 allocs/op
BenchmarkAppendAny4Indexes/1048576/1-in-16/Direct#02-20          	    4070	    294075 ns/op	3565.67 MB/s	       0 B/op	       0 allocs/op
BenchmarkAppendAny4Indexes/1048576/1-in-16/RetainedGroup4#02-20  	    3954	    307955 ns/op	3404.97 MB/s	       0 B/op	       0 allocs/op
BenchmarkAppendAny4Indexes/1048576/1-in-16/scalar#02-20          	    3193	    362352 ns/op	2893.81 MB/s	       0 B/op	       0 allocs/op
BenchmarkAppendAny4Indexes/1048576/1-in-16/bytes#02-20           	     858	   1401454 ns/op	 748.21 MB/s	       0 B/op	       0 allocs/op
BenchmarkAppendAny4Indexes/1048576/1-in-8/Tree4x4-20             	    3618	    329545 ns/op	3181.89 MB/s	       0 B/op	       0 allocs/op
BenchmarkAppendAny4Indexes/1048576/1-in-8/Tree4x2x2-20           	    3561	    337769 ns/op	3104.42 MB/s	       0 B/op	       0 allocs/op
BenchmarkAppendAny4Indexes/1048576/1-in-8/Direct-20              	    3990	    299929 ns/op	3496.08 MB/s	       0 B/op	       0 allocs/op
BenchmarkAppendAny4Indexes/1048576/1-in-8/RetainedGroup4-20      	    3620	    324160 ns/op	3234.75 MB/s	       0 B/op	       0 allocs/op
BenchmarkAppendAny4Indexes/1048576/1-in-8/scalar-20              	    3444	    357663 ns/op	2931.74 MB/s	       0 B/op	       0 allocs/op
BenchmarkAppendAny4Indexes/1048576/1-in-8/bytes-20               	     676	   1758334 ns/op	 596.35 MB/s	       0 B/op	       0 allocs/op
BenchmarkAppendAny4Indexes/1048576/1-in-6/Tree4x4-20             	    3356	    350984 ns/op	2987.54 MB/s	       0 B/op	       0 allocs/op
BenchmarkAppendAny4Indexes/1048576/1-in-6/Tree4x2x2-20           	    3320	    362501 ns/op	2892.62 MB/s	       0 B/op	       0 allocs/op
BenchmarkAppendAny4Indexes/1048576/1-in-6/Direct-20              	    3735	    324740 ns/op	3228.97 MB/s	       0 B/op	       0 allocs/op
BenchmarkAppendAny4Indexes/1048576/1-in-6/RetainedGroup4-20      	    3469	    348104 ns/op	3012.25 MB/s	       0 B/op	       0 allocs/op
BenchmarkAppendAny4Indexes/1048576/1-in-6/scalar-20              	    3303	    363755 ns/op	2882.64 MB/s	       0 B/op	       0 allocs/op
BenchmarkAppendAny4Indexes/1048576/1-in-6/bytes-20               	     508	   2338424 ns/op	 448.41 MB/s	       0 B/op	       0 allocs/op
BenchmarkAppendAny4Indexes/1048576/1-in-5/Tree4x4-20             	    3242	    368122 ns/op	2848.45 MB/s	       0 B/op	       0 allocs/op
BenchmarkAppendAny4Indexes/1048576/1-in-5/Tree4x2x2-20           	    3180	    379891 ns/op	2760.20 MB/s	       0 B/op	       0 allocs/op
BenchmarkAppendAny4Indexes/1048576/1-in-5/Direct-20              	    3580	    341290 ns/op	3072.39 MB/s	       0 B/op	       0 allocs/op
BenchmarkAppendAny4Indexes/1048576/1-in-5/RetainedGroup4-20      	    3273	    369328 ns/op	2839.15 MB/s	       0 B/op	       0 allocs/op
BenchmarkAppendAny4Indexes/1048576/1-in-5/scalar-20              	    2377	    521821 ns/op	2009.45 MB/s	       0 B/op	       0 allocs/op
BenchmarkAppendAny4Indexes/1048576/1-in-5/bytes-20               	     429	   2803174 ns/op	 374.07 MB/s	       0 B/op	       0 allocs/op
BenchmarkAppendAny4Indexes/1048576/1-in-4/Tree4x4-20             	    3019	    398315 ns/op	2632.53 MB/s	       0 B/op	       0 allocs/op
BenchmarkAppendAny4Indexes/1048576/1-in-4/Tree4x2x2-20           	    2937	    409232 ns/op	2562.30 MB/s	       0 B/op	       0 allocs/op
BenchmarkAppendAny4Indexes/1048576/1-in-4/Direct-20              	    3308	    388177 ns/op	2701.28 MB/s	       0 B/op	       0 allocs/op
BenchmarkAppendAny4Indexes/1048576/1-in-4/RetainedGroup4-20      	    3126	    396212 ns/op	2646.50 MB/s	       0 B/op	       0 allocs/op
BenchmarkAppendAny4Indexes/1048576/1-in-4/scalar-20              	    3127	    360276 ns/op	2910.48 MB/s	       0 B/op	       0 allocs/op
BenchmarkAppendAny4Indexes/1048576/1-in-4/bytes-20               	     345	   3498883 ns/op	 299.69 MB/s	       0 B/op	       0 allocs/op
BenchmarkAppendAny4Indexes/1048576/dense/Tree4x4-20              	    1410	    857646 ns/op	1222.62 MB/s	       0 B/op	       0 allocs/op
BenchmarkAppendAny4Indexes/1048576/dense/Tree4x2x2-20            	    1382	    850917 ns/op	1232.29 MB/s	       0 B/op	       0 allocs/op
BenchmarkAppendAny4Indexes/1048576/dense/Direct-20               	    1476	    800766 ns/op	1309.47 MB/s	       0 B/op	       0 allocs/op
BenchmarkAppendAny4Indexes/1048576/dense/RetainedGroup4-20       	    1410	    850168 ns/op	1233.37 MB/s	       0 B/op	       0 allocs/op
BenchmarkAppendAny4Indexes/1048576/dense/scalar-20               	    3573	    335354 ns/op	3126.77 MB/s	       0 B/op	       0 allocs/op
BenchmarkAppendAny4Indexes/1048576/dense/bytes-20                	      84	  14003864 ns/op	  74.88 MB/s	       0 B/op	       0 allocs/op
BenchmarkIndexByte/simd/0/first-20                               	628734772	         1.838 ns/op	       0 B/op	       0 allocs/op
BenchmarkIndexByte/simd/0/middle-20                              	659607582	         1.842 ns/op	       0 B/op	       0 allocs/op
BenchmarkIndexByte/simd/0/end-20                                 	644374999	         1.864 ns/op	       0 B/op	       0 allocs/op
BenchmarkIndexByte/simd/0/none-20                                	646281330	         1.840 ns/op	       0 B/op	       0 allocs/op
BenchmarkIndexByte/simd/8/first-20                               	645343845	         1.858 ns/op	 538.21 MB/s	       0 B/op	       0 allocs/op
BenchmarkIndexByte/simd/8/middle-20                              	354070093	         3.387 ns/op	1476.34 MB/s	       0 B/op	       0 allocs/op
BenchmarkIndexByte/simd/8/end-20                                 	320215878	         3.711 ns/op	2155.89 MB/s	       0 B/op	       0 allocs/op
BenchmarkIndexByte/simd/8/none-20                                	303325357	         3.933 ns/op	2034.16 MB/s	       0 B/op	       0 allocs/op
BenchmarkIndexByte/simd/16/first-20                              	654979810	         1.848 ns/op	 541.18 MB/s	       0 B/op	       0 allocs/op
BenchmarkIndexByte/simd/16/middle-20                             	307986020	         3.920 ns/op	2295.91 MB/s	       0 B/op	       0 allocs/op
BenchmarkIndexByte/simd/16/end-20                                	226566523	         5.309 ns/op	3013.77 MB/s	       0 B/op	       0 allocs/op
BenchmarkIndexByte/simd/16/none-20                               	217974538	         5.516 ns/op	2900.55 MB/s	       0 B/op	       0 allocs/op
BenchmarkIndexByte/simd/32/first-20                              	535197639	         2.274 ns/op	 439.68 MB/s	       0 B/op	       0 allocs/op
BenchmarkIndexByte/simd/32/middle-20                             	168272062	         7.129 ns/op	2384.56 MB/s	       0 B/op	       0 allocs/op
BenchmarkIndexByte/simd/32/end-20                                	167706993	         7.140 ns/op	4482.03 MB/s	       0 B/op	       0 allocs/op
BenchmarkIndexByte/simd/32/none-20                               	197177448	         6.068 ns/op	5273.52 MB/s	       0 B/op	       0 allocs/op
BenchmarkIndexByte/simd/64/first-20                              	530836353	         2.252 ns/op	 443.95 MB/s	       0 B/op	       0 allocs/op
BenchmarkIndexByte/simd/64/middle-20                             	194026948	         6.169 ns/op	5349.63 MB/s	       0 B/op	       0 allocs/op
BenchmarkIndexByte/simd/64/end-20                                	100000000	        11.19 ns/op	5720.55 MB/s	       0 B/op	       0 allocs/op
BenchmarkIndexByte/simd/64/none-20                               	100000000	        10.21 ns/op	6265.38 MB/s	       0 B/op	       0 allocs/op
BenchmarkIndexByte/simd/128/first-20                             	538173751	         2.254 ns/op	 443.62 MB/s	       0 B/op	       0 allocs/op
BenchmarkIndexByte/simd/128/middle-20                            	100000000	        10.33 ns/op	6294.40 MB/s	       0 B/op	       0 allocs/op
BenchmarkIndexByte/simd/128/end-20                               	58620661	        19.31 ns/op	6627.99 MB/s	       0 B/op	       0 allocs/op
BenchmarkIndexByte/simd/128/none-20                              	63788846	        18.57 ns/op	6892.99 MB/s	       0 B/op	       0 allocs/op
BenchmarkIndexByte/simd/256/first-20                             	528726994	         2.240 ns/op	 446.44 MB/s	       0 B/op	       0 allocs/op
BenchmarkIndexByte/simd/256/middle-20                            	64477255	        18.54 ns/op	6958.50 MB/s	       0 B/op	       0 allocs/op
BenchmarkIndexByte/simd/256/end-20                               	32954331	        35.96 ns/op	7118.09 MB/s	       0 B/op	       0 allocs/op
BenchmarkIndexByte/simd/256/none-20                              	34667450	        34.49 ns/op	7423.48 MB/s	       0 B/op	       0 allocs/op
BenchmarkIndexByte/simd/1024/first-20                            	534880020	         2.239 ns/op	 446.66 MB/s	       0 B/op	       0 allocs/op
BenchmarkIndexByte/simd/1024/middle-20                           	36435750	        32.53 ns/op	15769.06 MB/s	       0 B/op	       0 allocs/op
BenchmarkIndexByte/simd/1024/end-20                              	15067830	        83.08 ns/op	12326.14 MB/s	       0 B/op	       0 allocs/op
BenchmarkIndexByte/simd/1024/none-20                             	16127547	        73.57 ns/op	13918.17 MB/s	       0 B/op	       0 allocs/op
BenchmarkIndexByte/simd/4096/first-20                            	524020405	         2.254 ns/op	 443.60 MB/s	       0 B/op	       0 allocs/op
BenchmarkIndexByte/simd/4096/middle-20                           	23745888	        49.53 ns/op	41371.98 MB/s	       0 B/op	       0 allocs/op
BenchmarkIndexByte/simd/4096/end-20                              	10291396	       116.5 ns/op	35161.67 MB/s	       0 B/op	       0 allocs/op
BenchmarkIndexByte/simd/4096/none-20                             	10808598	       109.1 ns/op	37560.55 MB/s	       0 B/op	       0 allocs/op
BenchmarkIndexByte/simd/8192/first-20                            	538634852	         2.246 ns/op	 445.30 MB/s	       0 B/op	       0 allocs/op
BenchmarkIndexByte/simd/8192/middle-20                           	16319452	        72.53 ns/op	56490.12 MB/s	       0 B/op	       0 allocs/op
BenchmarkIndexByte/simd/8192/end-20                              	 7257170	       164.9 ns/op	49667.66 MB/s	       0 B/op	       0 allocs/op
BenchmarkIndexByte/simd/8192/none-20                             	 7689000	       156.0 ns/op	52503.14 MB/s	       0 B/op	       0 allocs/op
BenchmarkIndexByte/simd/16384/first-20                           	531444355	         2.254 ns/op	 443.70 MB/s	       0 B/op	       0 allocs/op
BenchmarkIndexByte/simd/16384/middle-20                          	10080678	       118.6 ns/op	69108.30 MB/s	       0 B/op	       0 allocs/op
BenchmarkIndexByte/simd/16384/end-20                             	 4667856	       256.7 ns/op	63837.59 MB/s	       0 B/op	       0 allocs/op
BenchmarkIndexByte/simd/16384/none-20                            	 4863308	       248.0 ns/op	66062.30 MB/s	       0 B/op	       0 allocs/op
BenchmarkIndexByte/simd/32768/first-20                           	538568650	         2.270 ns/op	 440.54 MB/s	       0 B/op	       0 allocs/op
BenchmarkIndexByte/simd/32768/middle-20                          	 5673248	       211.6 ns/op	77451.10 MB/s	       0 B/op	       0 allocs/op
BenchmarkIndexByte/simd/32768/end-20                             	 2705914	       447.4 ns/op	73235.69 MB/s	       0 B/op	       0 allocs/op
BenchmarkIndexByte/simd/32768/none-20                            	 2755161	       434.3 ns/op	75453.50 MB/s	       0 B/op	       0 allocs/op
BenchmarkIndexByte/simd/65536/first-20                           	532402778	         2.251 ns/op	 444.29 MB/s	       0 B/op	       0 allocs/op
BenchmarkIndexByte/simd/65536/middle-20                          	 3048315	       396.5 ns/op	82655.47 MB/s	       0 B/op	       0 allocs/op
BenchmarkIndexByte/simd/65536/end-20                             	 1447688	       832.2 ns/op	78754.58 MB/s	       0 B/op	       0 allocs/op
BenchmarkIndexByte/simd/65536/none-20                            	 1458662	       822.2 ns/op	79712.58 MB/s	       0 B/op	       0 allocs/op
BenchmarkIndexByte/simd/1048576/first-20                         	531274218	         2.267 ns/op	 441.06 MB/s	       0 B/op	       0 allocs/op
BenchmarkIndexByte/simd/1048576/middle-20                        	  193870	      6174 ns/op	84917.58 MB/s	       0 B/op	       0 allocs/op
BenchmarkIndexByte/simd/1048576/end-20                           	   94340	     12632 ns/op	83011.50 MB/s	       0 B/op	       0 allocs/op
BenchmarkIndexByte/simd/1048576/none-20                          	   90687	     12765 ns/op	82146.33 MB/s	       0 B/op	       0 allocs/op
BenchmarkIndexByte/scalar/0/first-20                             	817714620	         1.469 ns/op	       0 B/op	       0 allocs/op
BenchmarkIndexByte/scalar/0/middle-20                            	817123681	         1.468 ns/op	       0 B/op	       0 allocs/op
BenchmarkIndexByte/scalar/0/end-20                               	801334189	         1.468 ns/op	       0 B/op	       0 allocs/op
BenchmarkIndexByte/scalar/0/none-20                              	819263892	         1.461 ns/op	       0 B/op	       0 allocs/op
BenchmarkIndexByte/scalar/8/first-20                             	773779316	         1.564 ns/op	 639.49 MB/s	       0 B/op	       0 allocs/op
BenchmarkIndexByte/scalar/8/middle-20                            	460984222	         2.581 ns/op	1936.86 MB/s	       0 B/op	       0 allocs/op
BenchmarkIndexByte/scalar/8/end-20                               	445476198	         2.700 ns/op	2963.24 MB/s	       0 B/op	       0 allocs/op
BenchmarkIndexByte/scalar/8/none-20                              	334710702	         3.599 ns/op	2223.14 MB/s	       0 B/op	       0 allocs/op
BenchmarkIndexByte/scalar/16/first-20                            	767331819	         1.567 ns/op	 638.14 MB/s	       0 B/op	       0 allocs/op
BenchmarkIndexByte/scalar/16/middle-20                           	357349779	         3.370 ns/op	2670.62 MB/s	       0 B/op	       0 allocs/op
BenchmarkIndexByte/scalar/16/end-20                              	208831576	         5.754 ns/op	2780.45 MB/s	       0 B/op	       0 allocs/op
BenchmarkIndexByte/scalar/16/none-20                             	260149174	         4.626 ns/op	3458.72 MB/s	       0 B/op	       0 allocs/op
BenchmarkIndexByte/scalar/32/first-20                            	767400901	         1.564 ns/op	 639.43 MB/s	       0 B/op	       0 allocs/op
BenchmarkIndexByte/scalar/32/middle-20                           	268739967	         4.446 ns/op	3823.94 MB/s	       0 B/op	       0 allocs/op
BenchmarkIndexByte/scalar/32/end-20                              	160918492	         7.490 ns/op	4272.31 MB/s	       0 B/op	       0 allocs/op
BenchmarkIndexByte/scalar/32/none-20                             	152779548	         7.934 ns/op	4033.47 MB/s	       0 B/op	       0 allocs/op
BenchmarkIndexByte/scalar/64/first-20                            	772585522	         1.564 ns/op	 639.23 MB/s	       0 B/op	       0 allocs/op
BenchmarkIndexByte/scalar/64/middle-20                           	155384520	         7.728 ns/op	4270.06 MB/s	       0 B/op	       0 allocs/op
BenchmarkIndexByte/scalar/64/end-20                              	69847722	        17.10 ns/op	3743.32 MB/s	       0 B/op	       0 allocs/op
BenchmarkIndexByte/scalar/64/none-20                             	67568955	        17.27 ns/op	3706.55 MB/s	       0 B/op	       0 allocs/op
BenchmarkIndexByte/scalar/128/first-20                           	764045752	         1.569 ns/op	 637.43 MB/s	       0 B/op	       0 allocs/op
BenchmarkIndexByte/scalar/128/middle-20                          	64545548	        18.49 ns/op	3516.33 MB/s	       0 B/op	       0 allocs/op
BenchmarkIndexByte/scalar/128/end-20                             	43899682	        27.01 ns/op	4739.62 MB/s	       0 B/op	       0 allocs/op
BenchmarkIndexByte/scalar/128/none-20                            	43702972	        27.33 ns/op	4684.14 MB/s	       0 B/op	       0 allocs/op
BenchmarkIndexByte/scalar/256/first-20                           	766922719	         1.569 ns/op	 637.50 MB/s	       0 B/op	       0 allocs/op
BenchmarkIndexByte/scalar/256/middle-20                          	44065657	        27.21 ns/op	4741.55 MB/s	       0 B/op	       0 allocs/op
BenchmarkIndexByte/scalar/256/end-20                             	26832073	        44.49 ns/op	5753.74 MB/s	       0 B/op	       0 allocs/op
BenchmarkIndexByte/scalar/256/none-20                            	27679035	        44.50 ns/op	5752.19 MB/s	       0 B/op	       0 allocs/op
BenchmarkIndexByte/scalar/1024/first-20                          	761540638	         1.577 ns/op	 634.22 MB/s	       0 B/op	       0 allocs/op
BenchmarkIndexByte/scalar/1024/middle-20                         	15217756	        79.97 ns/op	6415.24 MB/s	       0 B/op	       0 allocs/op
BenchmarkIndexByte/scalar/1024/end-20                            	 8085375	       148.7 ns/op	6887.92 MB/s	       0 B/op	       0 allocs/op
BenchmarkIndexByte/scalar/1024/none-20                           	 7702923	       152.8 ns/op	6701.33 MB/s	       0 B/op	       0 allocs/op
BenchmarkIndexByte/scalar/4096/first-20                          	771499422	         1.577 ns/op	 634.26 MB/s	       0 B/op	       0 allocs/op
BenchmarkIndexByte/scalar/4096/middle-20                         	 4170948	       291.1 ns/op	7038.61 MB/s	       0 B/op	       0 allocs/op
BenchmarkIndexByte/scalar/4096/end-20                            	 2097272	       571.8 ns/op	7163.08 MB/s	       0 B/op	       0 allocs/op
BenchmarkIndexByte/scalar/4096/none-20                           	 2129175	       567.5 ns/op	7217.13 MB/s	       0 B/op	       0 allocs/op
BenchmarkIndexByte/scalar/8192/first-20                          	764744161	         1.579 ns/op	 633.32 MB/s	       0 B/op	       0 allocs/op
BenchmarkIndexByte/scalar/8192/middle-20                         	 2100446	       574.4 ns/op	7132.70 MB/s	       0 B/op	       0 allocs/op
BenchmarkIndexByte/scalar/8192/end-20                            	 1000000	      1141 ns/op	7179.42 MB/s	       0 B/op	       0 allocs/op
BenchmarkIndexByte/scalar/8192/none-20                           	 1000000	      1123 ns/op	7297.80 MB/s	       0 B/op	       0 allocs/op
BenchmarkIndexByte/scalar/16384/first-20                         	762584047	         1.579 ns/op	 633.20 MB/s	       0 B/op	       0 allocs/op
BenchmarkIndexByte/scalar/16384/middle-20                        	 1000000	      1143 ns/op	7170.21 MB/s	       0 B/op	       0 allocs/op
BenchmarkIndexByte/scalar/16384/end-20                           	  532831	      2252 ns/op	7275.91 MB/s	       0 B/op	       0 allocs/op
BenchmarkIndexByte/scalar/16384/none-20                          	  521158	      2270 ns/op	7216.73 MB/s	       0 B/op	       0 allocs/op
BenchmarkIndexByte/scalar/32768/first-20                         	766059596	         1.561 ns/op	 640.78 MB/s	       0 B/op	       0 allocs/op
BenchmarkIndexByte/scalar/32768/middle-20                        	  554467	      2289 ns/op	7158.55 MB/s	       0 B/op	       0 allocs/op
BenchmarkIndexByte/scalar/32768/end-20                           	  270022	      4538 ns/op	7220.05 MB/s	       0 B/op	       0 allocs/op
BenchmarkIndexByte/scalar/32768/none-20                          	  270601	      4530 ns/op	7233.05 MB/s	       0 B/op	       0 allocs/op
BenchmarkIndexByte/scalar/65536/first-20                         	774054198	         1.566 ns/op	 638.37 MB/s	       0 B/op	       0 allocs/op
BenchmarkIndexByte/scalar/65536/middle-20                        	  268447	      4559 ns/op	7187.39 MB/s	       0 B/op	       0 allocs/op
BenchmarkIndexByte/scalar/65536/end-20                           	  133296	      9096 ns/op	7205.30 MB/s	       0 B/op	       0 allocs/op
BenchmarkIndexByte/scalar/65536/none-20                          	  131326	      8998 ns/op	7283.09 MB/s	       0 B/op	       0 allocs/op
BenchmarkIndexByte/scalar/1048576/first-20                       	761678728	         1.562 ns/op	 640.14 MB/s	       0 B/op	       0 allocs/op
BenchmarkIndexByte/scalar/1048576/middle-20                      	   16045	     74606 ns/op	7027.42 MB/s	       0 B/op	       0 allocs/op
BenchmarkIndexByte/scalar/1048576/end-20                         	    7886	    152064 ns/op	6895.61 MB/s	       0 B/op	       0 allocs/op
BenchmarkIndexByte/scalar/1048576/none-20                        	    8100	    149993 ns/op	6990.86 MB/s	       0 B/op	       0 allocs/op
BenchmarkIndexByte/bytes/0/first-20                              	740035153	         1.625 ns/op	       0 B/op	       0 allocs/op
BenchmarkIndexByte/bytes/0/middle-20                             	722344986	         1.649 ns/op	       0 B/op	       0 allocs/op
BenchmarkIndexByte/bytes/0/end-20                                	731855754	         1.648 ns/op	       0 B/op	       0 allocs/op
BenchmarkIndexByte/bytes/0/none-20                               	729158707	         1.644 ns/op	       0 B/op	       0 allocs/op
BenchmarkIndexByte/bytes/8/first-20                              	680517727	         1.671 ns/op	 598.61 MB/s	       0 B/op	       0 allocs/op
BenchmarkIndexByte/bytes/8/middle-20                             	731789522	         1.665 ns/op	3002.65 MB/s	       0 B/op	       0 allocs/op
BenchmarkIndexByte/bytes/8/end-20                                	730036378	         1.666 ns/op	4802.86 MB/s	       0 B/op	       0 allocs/op
BenchmarkIndexByte/bytes/8/none-20                               	728683453	         1.647 ns/op	4857.78 MB/s	       0 B/op	       0 allocs/op
BenchmarkIndexByte/bytes/16/first-20                             	712181366	         1.699 ns/op	 588.56 MB/s	       0 B/op	       0 allocs/op
BenchmarkIndexByte/bytes/16/middle-20                            	702540841	         1.724 ns/op	5220.22 MB/s	       0 B/op	       0 allocs/op
BenchmarkIndexByte/bytes/16/end-20                               	707531070	         1.712 ns/op	9346.51 MB/s	       0 B/op	       0 allocs/op
BenchmarkIndexByte/bytes/16/none-20                              	755029552	         1.614 ns/op	9915.61 MB/s	       0 B/op	       0 allocs/op
BenchmarkIndexByte/bytes/32/first-20                             	664673708	         1.832 ns/op	 545.84 MB/s	       0 B/op	       0 allocs/op
BenchmarkIndexByte/bytes/32/middle-20                            	647494389	         1.911 ns/op	8895.19 MB/s	       0 B/op	       0 allocs/op
BenchmarkIndexByte/bytes/32/end-20                               	621323904	         1.906 ns/op	16785.92 MB/s	       0 B/op	       0 allocs/op
BenchmarkIndexByte/bytes/32/none-20                              	684125172	         1.742 ns/op	18372.84 MB/s	       0 B/op	       0 allocs/op
BenchmarkIndexByte/bytes/64/first-20                             	587401189	         2.043 ns/op	 489.38 MB/s	       0 B/op	       0 allocs/op
BenchmarkIndexByte/bytes/64/middle-20                            	538090413	         2.240 ns/op	14733.47 MB/s	       0 B/op	       0 allocs/op
BenchmarkIndexByte/bytes/64/end-20                               	525735621	         2.262 ns/op	28289.61 MB/s	       0 B/op	       0 allocs/op
BenchmarkIndexByte/bytes/64/none-20                              	582852097	         2.063 ns/op	31028.46 MB/s	       0 B/op	       0 allocs/op
BenchmarkIndexByte/bytes/128/first-20                            	585678128	         2.040 ns/op	 490.19 MB/s	       0 B/op	       0 allocs/op
BenchmarkIndexByte/bytes/128/middle-20                           	520400492	         2.276 ns/op	28559.84 MB/s	       0 B/op	       0 allocs/op
BenchmarkIndexByte/bytes/128/end-20                              	494825820	         2.456 ns/op	52119.24 MB/s	       0 B/op	       0 allocs/op
BenchmarkIndexByte/bytes/128/none-20                             	495480146	         2.450 ns/op	52242.38 MB/s	       0 B/op	       0 allocs/op
BenchmarkIndexByte/bytes/256/first-20                            	583435129	         2.062 ns/op	 484.94 MB/s	       0 B/op	       0 allocs/op
BenchmarkIndexByte/bytes/256/middle-20                           	364023208	         3.258 ns/op	39598.25 MB/s	       0 B/op	       0 allocs/op
BenchmarkIndexByte/bytes/256/end-20                              	362661010	         3.311 ns/op	77311.89 MB/s	       0 B/op	       0 allocs/op
BenchmarkIndexByte/bytes/256/none-20                             	378422475	         3.156 ns/op	81119.77 MB/s	       0 B/op	       0 allocs/op
BenchmarkIndexByte/bytes/1024/first-20                           	591982560	         2.047 ns/op	 488.41 MB/s	       0 B/op	       0 allocs/op
BenchmarkIndexByte/bytes/1024/middle-20                          	223397899	         5.367 ns/op	95582.62 MB/s	       0 B/op	       0 allocs/op
BenchmarkIndexByte/bytes/1024/end-20                             	145347800	         8.302 ns/op	123348.13 MB/s	       0 B/op	       0 allocs/op
BenchmarkIndexByte/bytes/1024/none-20                            	150345782	         7.982 ns/op	128291.39 MB/s	       0 B/op	       0 allocs/op
BenchmarkIndexByte/bytes/4096/first-20                           	581453544	         2.054 ns/op	 486.93 MB/s	       0 B/op	       0 allocs/op
BenchmarkIndexByte/bytes/4096/middle-20                          	44039790	        26.22 ns/op	78142.97 MB/s	       0 B/op	       0 allocs/op
BenchmarkIndexByte/bytes/4096/end-20                             	34937560	        35.03 ns/op	116938.29 MB/s	       0 B/op	       0 allocs/op
BenchmarkIndexByte/bytes/4096/none-20                            	34665062	        34.64 ns/op	118252.27 MB/s	       0 B/op	       0 allocs/op
BenchmarkIndexByte/bytes/8192/first-20                           	585402690	         2.053 ns/op	 487.13 MB/s	       0 B/op	       0 allocs/op
BenchmarkIndexByte/bytes/8192/middle-20                          	29119939	        40.68 ns/op	100717.21 MB/s	       0 B/op	       0 allocs/op
BenchmarkIndexByte/bytes/8192/end-20                             	18453454	        60.91 ns/op	134503.62 MB/s	       0 B/op	       0 allocs/op
BenchmarkIndexByte/bytes/8192/none-20                            	19356699	        60.25 ns/op	135974.38 MB/s	       0 B/op	       0 allocs/op
BenchmarkIndexByte/bytes/16384/first-20                          	586311559	         2.054 ns/op	 486.89 MB/s	       0 B/op	       0 allocs/op
BenchmarkIndexByte/bytes/16384/middle-20                         	17280840	        68.64 ns/op	119354.43 MB/s	       0 B/op	       0 allocs/op
BenchmarkIndexByte/bytes/16384/end-20                            	10296730	       117.9 ns/op	138972.41 MB/s	       0 B/op	       0 allocs/op
BenchmarkIndexByte/bytes/16384/none-20                           	10528514	       116.4 ns/op	140757.35 MB/s	       0 B/op	       0 allocs/op
BenchmarkIndexByte/bytes/32768/first-20                          	553296685	         2.067 ns/op	 483.87 MB/s	       0 B/op	       0 allocs/op
BenchmarkIndexByte/bytes/32768/middle-20                         	 9402644	       127.1 ns/op	128922.32 MB/s	       0 B/op	       0 allocs/op
BenchmarkIndexByte/bytes/32768/end-20                            	 5066095	       235.2 ns/op	139346.25 MB/s	       0 B/op	       0 allocs/op
BenchmarkIndexByte/bytes/32768/none-20                           	 5193678	       233.5 ns/op	140336.71 MB/s	       0 B/op	       0 allocs/op
BenchmarkIndexByte/bytes/65536/first-20                          	586685276	         2.065 ns/op	 484.21 MB/s	       0 B/op	       0 allocs/op
BenchmarkIndexByte/bytes/65536/middle-20                         	 4934650	       243.9 ns/op	134365.40 MB/s	       0 B/op	       0 allocs/op
BenchmarkIndexByte/bytes/65536/end-20                            	 2545736	       471.6 ns/op	138979.11 MB/s	       0 B/op	       0 allocs/op
BenchmarkIndexByte/bytes/65536/none-20                           	 2563261	       471.9 ns/op	138885.78 MB/s	       0 B/op	       0 allocs/op
BenchmarkIndexByte/bytes/1048576/first-20                        	588825768	         2.041 ns/op	 489.84 MB/s	       0 B/op	       0 allocs/op
BenchmarkIndexByte/bytes/1048576/middle-20                       	  281607	      4219 ns/op	124264.23 MB/s	       0 B/op	       0 allocs/op
BenchmarkIndexByte/bytes/1048576/end-20                          	  148641	      8709 ns/op	120407.67 MB/s	       0 B/op	       0 allocs/op
BenchmarkIndexByte/bytes/1048576/none-20                         	  139549	      8563 ns/op	122449.72 MB/s	       0 B/op	       0 allocs/op
BenchmarkIndexAny4/simd/0/first-20                               	529007010	         2.257 ns/op	       0 B/op	       0 allocs/op
BenchmarkIndexAny4/simd/0/middle-20                              	526897477	         2.246 ns/op	       0 B/op	       0 allocs/op
BenchmarkIndexAny4/simd/0/end-20                                 	538082793	         2.247 ns/op	       0 B/op	       0 allocs/op
BenchmarkIndexAny4/simd/0/none-20                                	525403018	         2.272 ns/op	       0 B/op	       0 allocs/op
BenchmarkIndexAny4/simd/8/first-20                               	534389245	         2.270 ns/op	 440.45 MB/s	       0 B/op	       0 allocs/op
BenchmarkIndexAny4/simd/8/middle-20                              	309606464	         3.844 ns/op	1300.57 MB/s	       0 B/op	       0 allocs/op
BenchmarkIndexAny4/simd/8/end-20                                 	283328476	         4.254 ns/op	1880.62 MB/s	       0 B/op	       0 allocs/op
BenchmarkIndexAny4/simd/8/none-20                                	271000557	         4.434 ns/op	1804.12 MB/s	       0 B/op	       0 allocs/op
BenchmarkIndexAny4/simd/16/first-20                              	525667071	         2.256 ns/op	 443.30 MB/s	       0 B/op	       0 allocs/op
BenchmarkIndexAny4/simd/16/middle-20                             	268127281	         4.450 ns/op	2022.31 MB/s	       0 B/op	       0 allocs/op
BenchmarkIndexAny4/simd/16/end-20                                	185597206	         6.497 ns/op	2462.75 MB/s	       0 B/op	       0 allocs/op
BenchmarkIndexAny4/simd/16/none-20                               	176960974	         6.807 ns/op	2350.67 MB/s	       0 B/op	       0 allocs/op
BenchmarkIndexAny4/simd/32/first-20                              	94731006	        12.82 ns/op	  78.01 MB/s	       0 B/op	       0 allocs/op
BenchmarkIndexAny4/simd/32/middle-20                             	91771414	        12.75 ns/op	1333.55 MB/s	       0 B/op	       0 allocs/op
BenchmarkIndexAny4/simd/32/end-20                                	96065808	        12.71 ns/op	2518.10 MB/s	       0 B/op	       0 allocs/op
BenchmarkIndexAny4/simd/32/none-20                               	100000000	        12.19 ns/op	2625.41 MB/s	       0 B/op	       0 allocs/op
BenchmarkIndexAny4/simd/64/first-20                              	63323288	        19.23 ns/op	  52.00 MB/s	       0 B/op	       0 allocs/op
BenchmarkIndexAny4/simd/64/middle-20                             	62459485	        19.16 ns/op	1722.66 MB/s	       0 B/op	       0 allocs/op
BenchmarkIndexAny4/simd/64/end-20                                	62211680	        19.27 ns/op	3320.52 MB/s	       0 B/op	       0 allocs/op
BenchmarkIndexAny4/simd/64/none-20                               	64240609	        18.52 ns/op	3455.85 MB/s	       0 B/op	       0 allocs/op
BenchmarkIndexAny4/simd/128/first-20                             	62844666	        19.28 ns/op	  51.87 MB/s	       0 B/op	       0 allocs/op
BenchmarkIndexAny4/simd/128/middle-20                            	59106273	        19.60 ns/op	3316.57 MB/s	       0 B/op	       0 allocs/op
BenchmarkIndexAny4/simd/128/end-20                               	41244024	        29.38 ns/op	4356.02 MB/s	       0 B/op	       0 allocs/op
BenchmarkIndexAny4/simd/128/none-20                              	42833860	        27.96 ns/op	4577.24 MB/s	       0 B/op	       0 allocs/op
BenchmarkIndexAny4/simd/256/first-20                             	61356543	        19.21 ns/op	  52.06 MB/s	       0 B/op	       0 allocs/op
BenchmarkIndexAny4/simd/256/middle-20                            	43045024	        27.89 ns/op	4625.59 MB/s	       0 B/op	       0 allocs/op
BenchmarkIndexAny4/simd/256/end-20                               	25761636	        46.42 ns/op	5515.41 MB/s	       0 B/op	       0 allocs/op
BenchmarkIndexAny4/simd/256/none-20                              	26692082	        45.32 ns/op	5648.31 MB/s	       0 B/op	       0 allocs/op
BenchmarkIndexAny4/simd/1024/first-20                            	62993448	        19.26 ns/op	  51.91 MB/s	       0 B/op	       0 allocs/op
BenchmarkIndexAny4/simd/1024/middle-20                           	13019040	        90.58 ns/op	5663.26 MB/s	       0 B/op	       0 allocs/op
BenchmarkIndexAny4/simd/1024/end-20                              	11790886	       101.6 ns/op	10076.94 MB/s	       0 B/op	       0 allocs/op
BenchmarkIndexAny4/simd/1024/none-20                             	13000399	        92.78 ns/op	11037.32 MB/s	       0 B/op	       0 allocs/op
BenchmarkIndexAny4/simd/4096/first-20                            	63452769	        19.10 ns/op	  52.35 MB/s	       0 B/op	       0 allocs/op
BenchmarkIndexAny4/simd/4096/middle-20                           	10027052	       119.4 ns/op	17159.77 MB/s	       0 B/op	       0 allocs/op
BenchmarkIndexAny4/simd/4096/end-20                              	 7918248	       152.0 ns/op	26941.24 MB/s	       0 B/op	       0 allocs/op
BenchmarkIndexAny4/simd/4096/none-20                             	 8020096	       150.2 ns/op	27264.99 MB/s	       0 B/op	       0 allocs/op
BenchmarkIndexAny4/simd/8192/first-20                            	63099351	        19.27 ns/op	  51.88 MB/s	       0 B/op	       0 allocs/op
BenchmarkIndexAny4/simd/8192/middle-20                           	 7589388	       159.4 ns/op	25696.14 MB/s	       0 B/op	       0 allocs/op
BenchmarkIndexAny4/simd/8192/end-20                              	 5236542	       229.7 ns/op	35662.09 MB/s	       0 B/op	       0 allocs/op
BenchmarkIndexAny4/simd/8192/none-20                             	 5252296	       228.5 ns/op	35853.48 MB/s	       0 B/op	       0 allocs/op
BenchmarkIndexAny4/simd/16384/first-20                           	63398936	        19.20 ns/op	  52.08 MB/s	       0 B/op	       0 allocs/op
BenchmarkIndexAny4/simd/16384/middle-20                          	 5133004	       235.7 ns/op	34766.65 MB/s	       0 B/op	       0 allocs/op
BenchmarkIndexAny4/simd/16384/end-20                             	 3024458	       398.7 ns/op	41088.63 MB/s	       0 B/op	       0 allocs/op
BenchmarkIndexAny4/simd/16384/none-20                            	 3073282	       387.2 ns/op	42316.29 MB/s	       0 B/op	       0 allocs/op
BenchmarkIndexAny4/simd/32768/first-20                           	62750905	        19.19 ns/op	  52.11 MB/s	       0 B/op	       0 allocs/op
BenchmarkIndexAny4/simd/32768/middle-20                          	 3015682	       396.5 ns/op	41329.16 MB/s	       0 B/op	       0 allocs/op
BenchmarkIndexAny4/simd/32768/end-20                             	 1671957	       715.6 ns/op	45790.47 MB/s	       0 B/op	       0 allocs/op
BenchmarkIndexAny4/simd/32768/none-20                            	 1716825	       701.3 ns/op	46723.48 MB/s	       0 B/op	       0 allocs/op
BenchmarkIndexAny4/simd/65536/first-20                           	61851410	        19.19 ns/op	  52.12 MB/s	       0 B/op	       0 allocs/op
BenchmarkIndexAny4/simd/65536/middle-20                          	 1695547	       709.6 ns/op	46181.91 MB/s	       0 B/op	       0 allocs/op
BenchmarkIndexAny4/simd/65536/end-20                             	  913935	      1343 ns/op	48806.30 MB/s	       0 B/op	       0 allocs/op
BenchmarkIndexAny4/simd/65536/none-20                            	  876242	      1340 ns/op	48916.91 MB/s	       0 B/op	       0 allocs/op
BenchmarkIndexAny4/simd/1048576/first-20                         	62696156	        19.07 ns/op	  52.45 MB/s	       0 B/op	       0 allocs/op
BenchmarkIndexAny4/simd/1048576/middle-20                        	  113059	     10011 ns/op	52369.82 MB/s	       0 B/op	       0 allocs/op
BenchmarkIndexAny4/simd/1048576/end-20                           	   59424	     20217 ns/op	51865.68 MB/s	       0 B/op	       0 allocs/op
BenchmarkIndexAny4/simd/1048576/none-20                          	   57260	     20381 ns/op	51449.84 MB/s	       0 B/op	       0 allocs/op
BenchmarkIndexAny4/scalar/0/first-20                             	781678177	         1.509 ns/op	       0 B/op	       0 allocs/op
BenchmarkIndexAny4/scalar/0/middle-20                            	788674191	         1.498 ns/op	       0 B/op	       0 allocs/op
BenchmarkIndexAny4/scalar/0/end-20                               	794193622	         1.510 ns/op	       0 B/op	       0 allocs/op
BenchmarkIndexAny4/scalar/0/none-20                              	797749362	         1.506 ns/op	       0 B/op	       0 allocs/op
BenchmarkIndexAny4/scalar/8/first-20                             	672250374	         1.590 ns/op	 629.10 MB/s	       0 B/op	       0 allocs/op
BenchmarkIndexAny4/scalar/8/middle-20                            	419778434	         3.281 ns/op	1523.97 MB/s	       0 B/op	       0 allocs/op
BenchmarkIndexAny4/scalar/8/end-20                               	308473192	         4.044 ns/op	1978.18 MB/s	       0 B/op	       0 allocs/op
BenchmarkIndexAny4/scalar/8/none-20                              	276852975	         3.965 ns/op	2017.79 MB/s	       0 B/op	       0 allocs/op
BenchmarkIndexAny4/scalar/16/first-20                            	760036620	         1.593 ns/op	 627.77 MB/s	       0 B/op	       0 allocs/op
BenchmarkIndexAny4/scalar/16/middle-20                           	329353528	         3.699 ns/op	2433.01 MB/s	       0 B/op	       0 allocs/op
BenchmarkIndexAny4/scalar/16/end-20                              	197092777	         6.062 ns/op	2639.56 MB/s	       0 B/op	       0 allocs/op
BenchmarkIndexAny4/scalar/16/none-20                             	207522204	         5.768 ns/op	2773.94 MB/s	       0 B/op	       0 allocs/op
BenchmarkIndexAny4/scalar/32/first-20                            	771726675	         1.550 ns/op	 645.10 MB/s	       0 B/op	       0 allocs/op
BenchmarkIndexAny4/scalar/32/middle-20                           	206859514	         5.706 ns/op	2979.35 MB/s	       0 B/op	       0 allocs/op
BenchmarkIndexAny4/scalar/32/end-20                              	100000000	        10.71 ns/op	2989.17 MB/s	       0 B/op	       0 allocs/op
BenchmarkIndexAny4/scalar/32/none-20                             	100000000	        10.91 ns/op	2933.72 MB/s	       0 B/op	       0 allocs/op
BenchmarkIndexAny4/scalar/64/first-20                            	778758267	         1.536 ns/op	 650.93 MB/s	       0 B/op	       0 allocs/op
BenchmarkIndexAny4/scalar/64/middle-20                           	100000000	        10.82 ns/op	3048.78 MB/s	       0 B/op	       0 allocs/op
BenchmarkIndexAny4/scalar/64/end-20                              	42426840	        29.24 ns/op	2189.06 MB/s	       0 B/op	       0 allocs/op
BenchmarkIndexAny4/scalar/64/none-20                             	42505641	        28.25 ns/op	2265.36 MB/s	       0 B/op	       0 allocs/op
BenchmarkIndexAny4/scalar/128/first-20                           	757935249	         1.571 ns/op	 636.51 MB/s	       0 B/op	       0 allocs/op
BenchmarkIndexAny4/scalar/128/middle-20                          	40606616	        29.59 ns/op	2196.52 MB/s	       0 B/op	       0 allocs/op
BenchmarkIndexAny4/scalar/128/end-20                             	23677126	        50.41 ns/op	2539.30 MB/s	       0 B/op	       0 allocs/op
BenchmarkIndexAny4/scalar/128/none-20                            	23920678	        50.71 ns/op	2524.20 MB/s	       0 B/op	       0 allocs/op
BenchmarkIndexAny4/scalar/256/first-20                           	761042546	         1.561 ns/op	 640.67 MB/s	       0 B/op	       0 allocs/op
BenchmarkIndexAny4/scalar/256/middle-20                          	23479948	        51.06 ns/op	2526.45 MB/s	       0 B/op	       0 allocs/op
BenchmarkIndexAny4/scalar/256/end-20                             	12873892	        93.01 ns/op	2752.52 MB/s	       0 B/op	       0 allocs/op
BenchmarkIndexAny4/scalar/256/none-20                            	12969471	        91.11 ns/op	2809.93 MB/s	       0 B/op	       0 allocs/op
BenchmarkIndexAny4/scalar/1024/first-20                          	785266818	         1.540 ns/op	 649.54 MB/s	       0 B/op	       0 allocs/op
BenchmarkIndexAny4/scalar/1024/middle-20                         	 6664944	       179.7 ns/op	2854.59 MB/s	       0 B/op	       0 allocs/op
BenchmarkIndexAny4/scalar/1024/end-20                            	 3430725	       350.5 ns/op	2921.25 MB/s	       0 B/op	       0 allocs/op
BenchmarkIndexAny4/scalar/1024/none-20                           	 3392868	       354.1 ns/op	2892.00 MB/s	       0 B/op	       0 allocs/op
BenchmarkIndexAny4/scalar/4096/first-20                          	767206312	         1.557 ns/op	 642.11 MB/s	       0 B/op	       0 allocs/op
BenchmarkIndexAny4/scalar/4096/middle-20                         	 1731114	       694.7 ns/op	2949.41 MB/s	       0 B/op	       0 allocs/op
BenchmarkIndexAny4/scalar/4096/end-20                            	  895804	      1383 ns/op	2962.11 MB/s	       0 B/op	       0 allocs/op
BenchmarkIndexAny4/scalar/4096/none-20                           	  786763	      1395 ns/op	2936.08 MB/s	       0 B/op	       0 allocs/op
BenchmarkIndexAny4/scalar/8192/first-20                          	763650462	         1.564 ns/op	 639.43 MB/s	       0 B/op	       0 allocs/op
BenchmarkIndexAny4/scalar/8192/middle-20                         	  882700	      1390 ns/op	2948.21 MB/s	       0 B/op	       0 allocs/op
BenchmarkIndexAny4/scalar/8192/end-20                            	  442543	      2749 ns/op	2980.44 MB/s	       0 B/op	       0 allocs/op
BenchmarkIndexAny4/scalar/8192/none-20                           	  448058	      2753 ns/op	2975.43 MB/s	       0 B/op	       0 allocs/op
BenchmarkIndexAny4/scalar/16384/first-20                         	744018970	         1.561 ns/op	 640.65 MB/s	       0 B/op	       0 allocs/op
BenchmarkIndexAny4/scalar/16384/middle-20                        	  431040	      2759 ns/op	2969.84 MB/s	       0 B/op	       0 allocs/op
BenchmarkIndexAny4/scalar/16384/end-20                           	  221805	      5502 ns/op	2977.92 MB/s	       0 B/op	       0 allocs/op
BenchmarkIndexAny4/scalar/16384/none-20                          	  218448	      5513 ns/op	2971.77 MB/s	       0 B/op	       0 allocs/op
BenchmarkIndexAny4/scalar/32768/first-20                         	768898485	         1.556 ns/op	 642.84 MB/s	       0 B/op	       0 allocs/op
BenchmarkIndexAny4/scalar/32768/middle-20                        	  213277	      5532 ns/op	2961.59 MB/s	       0 B/op	       0 allocs/op
BenchmarkIndexAny4/scalar/32768/end-20                           	  108432	     11055 ns/op	2964.13 MB/s	       0 B/op	       0 allocs/op
BenchmarkIndexAny4/scalar/32768/none-20                          	  106287	     11163 ns/op	2935.37 MB/s	       0 B/op	       0 allocs/op
BenchmarkIndexAny4/scalar/65536/first-20                         	763737134	         1.568 ns/op	 637.81 MB/s	       0 B/op	       0 allocs/op
BenchmarkIndexAny4/scalar/65536/middle-20                        	  106819	     11046 ns/op	2966.61 MB/s	       0 B/op	       0 allocs/op
BenchmarkIndexAny4/scalar/65536/end-20                           	   54244	     22120 ns/op	2962.79 MB/s	       0 B/op	       0 allocs/op
BenchmarkIndexAny4/scalar/65536/none-20                          	   54430	     22140 ns/op	2960.03 MB/s	       0 B/op	       0 allocs/op
BenchmarkIndexAny4/scalar/1048576/first-20                       	764118166	         1.564 ns/op	 639.25 MB/s	       0 B/op	       0 allocs/op
BenchmarkIndexAny4/scalar/1048576/middle-20                      	    6596	    177250 ns/op	2957.90 MB/s	       0 B/op	       0 allocs/op
BenchmarkIndexAny4/scalar/1048576/end-20                         	    3400	    356023 ns/op	2945.25 MB/s	       0 B/op	       0 allocs/op
BenchmarkIndexAny4/scalar/1048576/none-20                        	    3438	    355321 ns/op	2951.07 MB/s	       0 B/op	       0 allocs/op
BenchmarkIndexAny4/bytes/0/first-20                              	577100154	         2.054 ns/op	       0 B/op	       0 allocs/op
BenchmarkIndexAny4/bytes/0/middle-20                             	585576295	         2.039 ns/op	       0 B/op	       0 allocs/op
BenchmarkIndexAny4/bytes/0/end-20                                	588361545	         2.035 ns/op	       0 B/op	       0 allocs/op
BenchmarkIndexAny4/bytes/0/none-20                               	599187914	         2.025 ns/op	       0 B/op	       0 allocs/op
BenchmarkIndexAny4/bytes/8/first-20                              	388812942	         3.075 ns/op	 325.25 MB/s	       0 B/op	       0 allocs/op
BenchmarkIndexAny4/bytes/8/middle-20                             	133141747	         9.000 ns/op	 555.54 MB/s	       0 B/op	       0 allocs/op
BenchmarkIndexAny4/bytes/8/end-20                                	59444275	        19.07 ns/op	 419.40 MB/s	       0 B/op	       0 allocs/op
BenchmarkIndexAny4/bytes/8/none-20                               	57225921	        20.67 ns/op	 387.03 MB/s	       0 B/op	       0 allocs/op
BenchmarkIndexAny4/bytes/16/first-20                             	100000000	        11.84 ns/op	  84.44 MB/s	       0 B/op	       0 allocs/op
BenchmarkIndexAny4/bytes/16/middle-20                            	95633295	        12.08 ns/op	 745.09 MB/s	       0 B/op	       0 allocs/op
BenchmarkIndexAny4/bytes/16/end-20                               	99005808	        12.23 ns/op	1307.97 MB/s	       0 B/op	       0 allocs/op
BenchmarkIndexAny4/bytes/16/none-20                              	100000000	        12.15 ns/op	1317.23 MB/s	       0 B/op	       0 allocs/op
BenchmarkIndexAny4/bytes/32/first-20                             	100000000	        11.78 ns/op	  84.89 MB/s	       0 B/op	       0 allocs/op
BenchmarkIndexAny4/bytes/32/middle-20                            	100000000	        12.24 ns/op	1389.45 MB/s	       0 B/op	       0 allocs/op
BenchmarkIndexAny4/bytes/32/end-20                               	69274804	        16.92 ns/op	1891.00 MB/s	       0 B/op	       0 allocs/op
BenchmarkIndexAny4/bytes/32/none-20                              	74703841	        16.76 ns/op	1909.00 MB/s	       0 B/op	       0 allocs/op
BenchmarkIndexAny4/bytes/64/first-20                             	100000000	        11.83 ns/op	  84.51 MB/s	       0 B/op	       0 allocs/op
BenchmarkIndexAny4/bytes/64/middle-20                            	56538716	        19.22 ns/op	1716.67 MB/s	       0 B/op	       0 allocs/op
BenchmarkIndexAny4/bytes/64/end-20                               	40296019	        30.13 ns/op	2124.22 MB/s	       0 B/op	       0 allocs/op
BenchmarkIndexAny4/bytes/64/none-20                              	43248430	        27.85 ns/op	2298.09 MB/s	       0 B/op	       0 allocs/op
BenchmarkIndexAny4/bytes/128/first-20                            	100000000	        11.76 ns/op	  85.01 MB/s	       0 B/op	       0 allocs/op
BenchmarkIndexAny4/bytes/128/middle-20                           	40244697	        29.97 ns/op	2168.62 MB/s	       0 B/op	       0 allocs/op
BenchmarkIndexAny4/bytes/128/end-20                              	29241087	        41.01 ns/op	3121.10 MB/s	       0 B/op	       0 allocs/op
BenchmarkIndexAny4/bytes/128/none-20                             	30576108	        39.87 ns/op	3210.48 MB/s	       0 B/op	       0 allocs/op
BenchmarkIndexAny4/bytes/256/first-20                            	100000000	        11.81 ns/op	  84.70 MB/s	       0 B/op	       0 allocs/op
BenchmarkIndexAny4/bytes/256/middle-20                           	29457314	        41.25 ns/op	3127.49 MB/s	       0 B/op	       0 allocs/op
BenchmarkIndexAny4/bytes/256/end-20                              	18123945	        62.11 ns/op	4121.93 MB/s	       0 B/op	       0 allocs/op
BenchmarkIndexAny4/bytes/256/none-20                             	19851442	        60.57 ns/op	4226.47 MB/s	       0 B/op	       0 allocs/op
BenchmarkIndexAny4/bytes/1024/first-20                           	98896275	        11.83 ns/op	  84.50 MB/s	       0 B/op	       0 allocs/op
BenchmarkIndexAny4/bytes/1024/middle-20                          	11558182	       103.5 ns/op	4958.71 MB/s	       0 B/op	       0 allocs/op
BenchmarkIndexAny4/bytes/1024/end-20                             	 6369784	       186.6 ns/op	5488.75 MB/s	       0 B/op	       0 allocs/op
BenchmarkIndexAny4/bytes/1024/none-20                            	 6521947	       185.8 ns/op	5512.11 MB/s	       0 B/op	       0 allocs/op
BenchmarkIndexAny4/bytes/4096/first-20                           	100000000	        11.78 ns/op	  84.88 MB/s	       0 B/op	       0 allocs/op
BenchmarkIndexAny4/bytes/4096/middle-20                          	 3422455	       354.1 ns/op	5785.69 MB/s	       0 B/op	       0 allocs/op
BenchmarkIndexAny4/bytes/4096/end-20                             	 1739641	       688.6 ns/op	5948.08 MB/s	       0 B/op	       0 allocs/op
BenchmarkIndexAny4/bytes/4096/none-20                            	 1757317	       682.8 ns/op	5999.18 MB/s	       0 B/op	       0 allocs/op
BenchmarkIndexAny4/bytes/8192/first-20                           	100000000	        11.80 ns/op	  84.72 MB/s	       0 B/op	       0 allocs/op
BenchmarkIndexAny4/bytes/8192/middle-20                          	 1755590	       685.4 ns/op	5977.90 MB/s	       0 B/op	       0 allocs/op
BenchmarkIndexAny4/bytes/8192/end-20                             	  901036	      1354 ns/op	6049.38 MB/s	       0 B/op	       0 allocs/op
BenchmarkIndexAny4/bytes/8192/none-20                            	  892468	      1341 ns/op	6106.66 MB/s	       0 B/op	       0 allocs/op
BenchmarkIndexAny4/bytes/16384/first-20                          	100000000	        11.88 ns/op	  84.21 MB/s	       0 B/op	       0 allocs/op
BenchmarkIndexAny4/bytes/16384/middle-20                         	  891597	      1353 ns/op	6057.62 MB/s	       0 B/op	       0 allocs/op
BenchmarkIndexAny4/bytes/16384/end-20                            	  450084	      2719 ns/op	6025.48 MB/s	       0 B/op	       0 allocs/op
BenchmarkIndexAny4/bytes/16384/none-20                           	  429638	      2692 ns/op	6086.89 MB/s	       0 B/op	       0 allocs/op
BenchmarkIndexAny4/bytes/32768/first-20                          	100000000	        11.83 ns/op	  84.53 MB/s	       0 B/op	       0 allocs/op
BenchmarkIndexAny4/bytes/32768/middle-20                         	  450588	      2699 ns/op	6069.71 MB/s	       0 B/op	       0 allocs/op
BenchmarkIndexAny4/bytes/32768/end-20                            	  226706	      5393 ns/op	6075.74 MB/s	       0 B/op	       0 allocs/op
BenchmarkIndexAny4/bytes/32768/none-20                           	  219930	      5373 ns/op	6099.20 MB/s	       0 B/op	       0 allocs/op
BenchmarkIndexAny4/bytes/65536/first-20                          	100000000	        11.79 ns/op	  84.80 MB/s	       0 B/op	       0 allocs/op
BenchmarkIndexAny4/bytes/65536/middle-20                         	  229362	      5363 ns/op	6110.34 MB/s	       0 B/op	       0 allocs/op
BenchmarkIndexAny4/bytes/65536/end-20                            	  109956	     10856 ns/op	6036.90 MB/s	       0 B/op	       0 allocs/op
BenchmarkIndexAny4/bytes/65536/none-20                           	  110906	     10888 ns/op	6018.95 MB/s	       0 B/op	       0 allocs/op
BenchmarkIndexAny4/bytes/1048576/first-20                        	100000000	        11.80 ns/op	  84.73 MB/s	       0 B/op	       0 allocs/op
BenchmarkIndexAny4/bytes/1048576/middle-20                       	   13663	     87892 ns/op	5965.18 MB/s	       0 B/op	       0 allocs/op
BenchmarkIndexAny4/bytes/1048576/end-20                          	    6793	    178357 ns/op	5879.08 MB/s	       0 B/op	       0 allocs/op
BenchmarkIndexAny4/bytes/1048576/none-20                         	    6369	    179477 ns/op	5842.40 MB/s	       0 B/op	       0 allocs/op
PASS
ok  	github.com/dnonakolesax/simdscan	776.598s
